Archive member included to satisfy reference by file (symbol)

//home/sunbeam/Balaji/ARM/Toolchain/gcc-arm-none-eabi-5_4-2016q2/arm-none-eabi/lib/armv7-m/libc.a(lib_a-exit.o)
                              /home/sunbeam/Balaji/ARM/Toolchain/gcc-arm-none-eabi-5_4-2016q2/bin/../lib/gcc/arm-none-eabi/5.4.1/../../../../arm-none-eabi/lib/armv7-m/crt0.o (exit)
//home/sunbeam/Balaji/ARM/Toolchain/gcc-arm-none-eabi-5_4-2016q2/arm-none-eabi/lib/armv7-m/libc.a(lib_a-impure.o)
                              //home/sunbeam/Balaji/ARM/Toolchain/gcc-arm-none-eabi-5_4-2016q2/arm-none-eabi/lib/armv7-m/libc.a(lib_a-exit.o) (_global_impure_ptr)
//home/sunbeam/Balaji/ARM/Toolchain/gcc-arm-none-eabi-5_4-2016q2/arm-none-eabi/lib/armv7-m/libc.a(lib_a-init.o)
                              /home/sunbeam/Balaji/ARM/Toolchain/gcc-arm-none-eabi-5_4-2016q2/bin/../lib/gcc/arm-none-eabi/5.4.1/../../../../arm-none-eabi/lib/armv7-m/crt0.o (__libc_init_array)
//home/sunbeam/Balaji/ARM/Toolchain/gcc-arm-none-eabi-5_4-2016q2/arm-none-eabi/lib/armv7-m/libc.a(lib_a-memset.o)
                              /home/sunbeam/Balaji/ARM/Toolchain/gcc-arm-none-eabi-5_4-2016q2/bin/../lib/gcc/arm-none-eabi/5.4.1/../../../../arm-none-eabi/lib/armv7-m/crt0.o (memset)
//home/sunbeam/Balaji/ARM/Toolchain/gcc-arm-none-eabi-5_4-2016q2/arm-none-eabi/lib/armv7-m/libc.a(lib_a-sprintf.o)
                              main.o (sprintf)
//home/sunbeam/Balaji/ARM/Toolchain/gcc-arm-none-eabi-5_4-2016q2/arm-none-eabi/lib/armv7-m/libc.a(lib_a-svfprintf.o)
                              //home/sunbeam/Balaji/ARM/Toolchain/gcc-arm-none-eabi-5_4-2016q2/arm-none-eabi/lib/armv7-m/libc.a(lib_a-sprintf.o) (_svfprintf_r)
//home/sunbeam/Balaji/ARM/Toolchain/gcc-arm-none-eabi-5_4-2016q2/arm-none-eabi/lib/armv7-m/libc.a(lib_a-__call_atexit.o)
                              //home/sunbeam/Balaji/ARM/Toolchain/gcc-arm-none-eabi-5_4-2016q2/arm-none-eabi/lib/armv7-m/libc.a(lib_a-exit.o) (__call_exitprocs)
//home/sunbeam/Balaji/ARM/Toolchain/gcc-arm-none-eabi-5_4-2016q2/arm-none-eabi/lib/armv7-m/libc.a(lib_a-atexit.o)
                              //home/sunbeam/Balaji/ARM/Toolchain/gcc-arm-none-eabi-5_4-2016q2/arm-none-eabi/lib/armv7-m/libc.a(lib_a-__call_atexit.o) (atexit)
//home/sunbeam/Balaji/ARM/Toolchain/gcc-arm-none-eabi-5_4-2016q2/arm-none-eabi/lib/armv7-m/libc.a(lib_a-dtoa.o)
                              //home/sunbeam/Balaji/ARM/Toolchain/gcc-arm-none-eabi-5_4-2016q2/arm-none-eabi/lib/armv7-m/libc.a(lib_a-svfprintf.o) (_dtoa_r)
//home/sunbeam/Balaji/ARM/Toolchain/gcc-arm-none-eabi-5_4-2016q2/arm-none-eabi/lib/armv7-m/libc.a(lib_a-fini.o)
                              //home/sunbeam/Balaji/ARM/Toolchain/gcc-arm-none-eabi-5_4-2016q2/arm-none-eabi/lib/armv7-m/libc.a(lib_a-__call_atexit.o) (__libc_fini_array)
//home/sunbeam/Balaji/ARM/Toolchain/gcc-arm-none-eabi-5_4-2016q2/arm-none-eabi/lib/armv7-m/libc.a(lib_a-locale.o)
                              //home/sunbeam/Balaji/ARM/Toolchain/gcc-arm-none-eabi-5_4-2016q2/arm-none-eabi/lib/armv7-m/libc.a(lib_a-svfprintf.o) (_localeconv_r)
//home/sunbeam/Balaji/ARM/Toolchain/gcc-arm-none-eabi-5_4-2016q2/arm-none-eabi/lib/armv7-m/libc.a(lib_a-mallocr.o)
                              //home/sunbeam/Balaji/ARM/Toolchain/gcc-arm-none-eabi-5_4-2016q2/arm-none-eabi/lib/armv7-m/libc.a(lib_a-svfprintf.o) (_malloc_r)
//home/sunbeam/Balaji/ARM/Toolchain/gcc-arm-none-eabi-5_4-2016q2/arm-none-eabi/lib/armv7-m/libc.a(lib_a-memchr-stub.o)
                              //home/sunbeam/Balaji/ARM/Toolchain/gcc-arm-none-eabi-5_4-2016q2/arm-none-eabi/lib/armv7-m/libc.a(lib_a-svfprintf.o) (memchr)
//home/sunbeam/Balaji/ARM/Toolchain/gcc-arm-none-eabi-5_4-2016q2/arm-none-eabi/lib/armv7-m/libc.a(lib_a-memcpy.o)
                              //home/sunbeam/Balaji/ARM/Toolchain/gcc-arm-none-eabi-5_4-2016q2/arm-none-eabi/lib/armv7-m/libc.a(lib_a-dtoa.o) (memcpy)
//home/sunbeam/Balaji/ARM/Toolchain/gcc-arm-none-eabi-5_4-2016q2/arm-none-eabi/lib/armv7-m/libc.a(lib_a-mlock.o)
                              //home/sunbeam/Balaji/ARM/Toolchain/gcc-arm-none-eabi-5_4-2016q2/arm-none-eabi/lib/armv7-m/libc.a(lib_a-mallocr.o) (__malloc_lock)
//home/sunbeam/Balaji/ARM/Toolchain/gcc-arm-none-eabi-5_4-2016q2/arm-none-eabi/lib/armv7-m/libc.a(lib_a-mprec.o)
                              //home/sunbeam/Balaji/ARM/Toolchain/gcc-arm-none-eabi-5_4-2016q2/arm-none-eabi/lib/armv7-m/libc.a(lib_a-dtoa.o) (_Balloc)
//home/sunbeam/Balaji/ARM/Toolchain/gcc-arm-none-eabi-5_4-2016q2/arm-none-eabi/lib/armv7-m/libc.a(lib_a-sbrkr.o)
                              //home/sunbeam/Balaji/ARM/Toolchain/gcc-arm-none-eabi-5_4-2016q2/arm-none-eabi/lib/armv7-m/libc.a(lib_a-mallocr.o) (_sbrk_r)
//home/sunbeam/Balaji/ARM/Toolchain/gcc-arm-none-eabi-5_4-2016q2/arm-none-eabi/lib/armv7-m/libc.a(lib_a-strcmp.o)
                              //home/sunbeam/Balaji/ARM/Toolchain/gcc-arm-none-eabi-5_4-2016q2/arm-none-eabi/lib/armv7-m/libc.a(lib_a-locale.o) (strcmp)
//home/sunbeam/Balaji/ARM/Toolchain/gcc-arm-none-eabi-5_4-2016q2/arm-none-eabi/lib/armv7-m/libc.a(lib_a-strlen-stub.o)
                              //home/sunbeam/Balaji/ARM/Toolchain/gcc-arm-none-eabi-5_4-2016q2/arm-none-eabi/lib/armv7-m/libc.a(lib_a-svfprintf.o) (strlen)
//home/sunbeam/Balaji/ARM/Toolchain/gcc-arm-none-eabi-5_4-2016q2/arm-none-eabi/lib/armv7-m/libc.a(lib_a-svfiprintf.o)
                              //home/sunbeam/Balaji/ARM/Toolchain/gcc-arm-none-eabi-5_4-2016q2/arm-none-eabi/lib/armv7-m/libc.a(lib_a-svfprintf.o) (__ssprint_r)
//home/sunbeam/Balaji/ARM/Toolchain/gcc-arm-none-eabi-5_4-2016q2/arm-none-eabi/lib/armv7-m/libc.a(lib_a-__atexit.o)
                              //home/sunbeam/Balaji/ARM/Toolchain/gcc-arm-none-eabi-5_4-2016q2/arm-none-eabi/lib/armv7-m/libc.a(lib_a-atexit.o) (__register_exitproc)
//home/sunbeam/Balaji/ARM/Toolchain/gcc-arm-none-eabi-5_4-2016q2/arm-none-eabi/lib/armv7-m/libc.a(lib_a-callocr.o)
                              //home/sunbeam/Balaji/ARM/Toolchain/gcc-arm-none-eabi-5_4-2016q2/arm-none-eabi/lib/armv7-m/libc.a(lib_a-mprec.o) (_calloc_r)
//home/sunbeam/Balaji/ARM/Toolchain/gcc-arm-none-eabi-5_4-2016q2/arm-none-eabi/lib/armv7-m/libc.a(lib_a-freer.o)
                              //home/sunbeam/Balaji/ARM/Toolchain/gcc-arm-none-eabi-5_4-2016q2/arm-none-eabi/lib/armv7-m/libc.a(lib_a-mallocr.o) (_free_r)
//home/sunbeam/Balaji/ARM/Toolchain/gcc-arm-none-eabi-5_4-2016q2/arm-none-eabi/lib/armv7-m/libc.a(lib_a-memmove.o)
                              //home/sunbeam/Balaji/ARM/Toolchain/gcc-arm-none-eabi-5_4-2016q2/arm-none-eabi/lib/armv7-m/libc.a(lib_a-svfiprintf.o) (memmove)
//home/sunbeam/Balaji/ARM/Toolchain/gcc-arm-none-eabi-5_4-2016q2/arm-none-eabi/lib/armv7-m/libc.a(lib_a-reallocr.o)
                              //home/sunbeam/Balaji/ARM/Toolchain/gcc-arm-none-eabi-5_4-2016q2/arm-none-eabi/lib/armv7-m/libc.a(lib_a-svfiprintf.o) (_realloc_r)
//home/sunbeam/Balaji/ARM/Toolchain/gcc-arm-none-eabi-5_4-2016q2/arm-none-eabi/lib/armv7-m/libc.a(lib_a-reent.o)
                              //home/sunbeam/Balaji/ARM/Toolchain/gcc-arm-none-eabi-5_4-2016q2/arm-none-eabi/lib/armv7-m/libc.a(lib_a-sbrkr.o) (errno)
//home/sunbeam/Balaji/ARM/Toolchain/gcc-arm-none-eabi-5_4-2016q2/arm-none-eabi/lib/armv7-m/libnosys.a(sbrk.o)
                              //home/sunbeam/Balaji/ARM/Toolchain/gcc-arm-none-eabi-5_4-2016q2/arm-none-eabi/lib/armv7-m/libc.a(lib_a-sbrkr.o) (_sbrk)
/home/sunbeam/Balaji/ARM/Toolchain/gcc-arm-none-eabi-5_4-2016q2/bin/../lib/gcc/arm-none-eabi/5.4.1/armv7-m/libgcc.a(_arm_addsubdf3.o)
                              //home/sunbeam/Balaji/ARM/Toolchain/gcc-arm-none-eabi-5_4-2016q2/arm-none-eabi/lib/armv7-m/libc.a(lib_a-dtoa.o) (__aeabi_dsub)
/home/sunbeam/Balaji/ARM/Toolchain/gcc-arm-none-eabi-5_4-2016q2/bin/../lib/gcc/arm-none-eabi/5.4.1/armv7-m/libgcc.a(_arm_muldivdf3.o)
                              //home/sunbeam/Balaji/ARM/Toolchain/gcc-arm-none-eabi-5_4-2016q2/arm-none-eabi/lib/armv7-m/libc.a(lib_a-dtoa.o) (__aeabi_dmul)
/home/sunbeam/Balaji/ARM/Toolchain/gcc-arm-none-eabi-5_4-2016q2/bin/../lib/gcc/arm-none-eabi/5.4.1/armv7-m/libgcc.a(_arm_cmpdf2.o)
                              //home/sunbeam/Balaji/ARM/Toolchain/gcc-arm-none-eabi-5_4-2016q2/arm-none-eabi/lib/armv7-m/libc.a(lib_a-svfprintf.o) (__aeabi_dcmpeq)
/home/sunbeam/Balaji/ARM/Toolchain/gcc-arm-none-eabi-5_4-2016q2/bin/../lib/gcc/arm-none-eabi/5.4.1/armv7-m/libgcc.a(_arm_unorddf2.o)
                              //home/sunbeam/Balaji/ARM/Toolchain/gcc-arm-none-eabi-5_4-2016q2/arm-none-eabi/lib/armv7-m/libc.a(lib_a-svfprintf.o) (__aeabi_dcmpun)
/home/sunbeam/Balaji/ARM/Toolchain/gcc-arm-none-eabi-5_4-2016q2/bin/../lib/gcc/arm-none-eabi/5.4.1/armv7-m/libgcc.a(_arm_fixdfsi.o)
                              //home/sunbeam/Balaji/ARM/Toolchain/gcc-arm-none-eabi-5_4-2016q2/arm-none-eabi/lib/armv7-m/libc.a(lib_a-dtoa.o) (__aeabi_d2iz)
/home/sunbeam/Balaji/ARM/Toolchain/gcc-arm-none-eabi-5_4-2016q2/bin/../lib/gcc/arm-none-eabi/5.4.1/armv7-m/libgcc.a(_aeabi_uldivmod.o)
                              system_LPC17xx.o (__aeabi_uldivmod)
/home/sunbeam/Balaji/ARM/Toolchain/gcc-arm-none-eabi-5_4-2016q2/bin/../lib/gcc/arm-none-eabi/5.4.1/armv7-m/libgcc.a(_udivmoddi4.o)
                              /home/sunbeam/Balaji/ARM/Toolchain/gcc-arm-none-eabi-5_4-2016q2/bin/../lib/gcc/arm-none-eabi/5.4.1/armv7-m/libgcc.a(_aeabi_uldivmod.o) (__udivmoddi4)
/home/sunbeam/Balaji/ARM/Toolchain/gcc-arm-none-eabi-5_4-2016q2/bin/../lib/gcc/arm-none-eabi/5.4.1/armv7-m/libgcc.a(_dvmd_tls.o)
                              /home/sunbeam/Balaji/ARM/Toolchain/gcc-arm-none-eabi-5_4-2016q2/bin/../lib/gcc/arm-none-eabi/5.4.1/armv7-m/libgcc.a(_aeabi_uldivmod.o) (__aeabi_ldiv0)

Allocating common symbols
Common symbol       size              file

errno               0x4               //home/sunbeam/Balaji/ARM/Toolchain/gcc-arm-none-eabi-5_4-2016q2/arm-none-eabi/lib/armv7-m/libc.a(lib_a-reent.o)

Discarded input sections

 .text          0x00000000        0x0 /home/sunbeam/Balaji/ARM/Toolchain/gcc-arm-none-eabi-5_4-2016q2/bin/../lib/gcc/arm-none-eabi/5.4.1/armv7-m/crti.o
 .data          0x00000000        0x0 /home/sunbeam/Balaji/ARM/Toolchain/gcc-arm-none-eabi-5_4-2016q2/bin/../lib/gcc/arm-none-eabi/5.4.1/armv7-m/crti.o
 .bss           0x00000000        0x0 /home/sunbeam/Balaji/ARM/Toolchain/gcc-arm-none-eabi-5_4-2016q2/bin/../lib/gcc/arm-none-eabi/5.4.1/armv7-m/crti.o
 .data          0x00000000        0x4 /home/sunbeam/Balaji/ARM/Toolchain/gcc-arm-none-eabi-5_4-2016q2/bin/../lib/gcc/arm-none-eabi/5.4.1/armv7-m/crtbegin.o
 .text          0x00000000       0x74 /home/sunbeam/Balaji/ARM/Toolchain/gcc-arm-none-eabi-5_4-2016q2/bin/../lib/gcc/arm-none-eabi/5.4.1/../../../../arm-none-eabi/lib/armv7-m/crt0.o
 .data          0x00000000        0x0 /home/sunbeam/Balaji/ARM/Toolchain/gcc-arm-none-eabi-5_4-2016q2/bin/../lib/gcc/arm-none-eabi/5.4.1/../../../../arm-none-eabi/lib/armv7-m/crt0.o
 .bss           0x00000000        0x0 /home/sunbeam/Balaji/ARM/Toolchain/gcc-arm-none-eabi-5_4-2016q2/bin/../lib/gcc/arm-none-eabi/5.4.1/../../../../arm-none-eabi/lib/armv7-m/crt0.o
 .ARM.extab     0x00000000        0x0 /home/sunbeam/Balaji/ARM/Toolchain/gcc-arm-none-eabi-5_4-2016q2/bin/../lib/gcc/arm-none-eabi/5.4.1/../../../../arm-none-eabi/lib/armv7-m/crt0.o
 .ARM.exidx     0x00000000        0x8 /home/sunbeam/Balaji/ARM/Toolchain/gcc-arm-none-eabi-5_4-2016q2/bin/../lib/gcc/arm-none-eabi/5.4.1/../../../../arm-none-eabi/lib/armv7-m/crt0.o
 .ARM.attributes
                0x00000000       0x1b /home/sunbeam/Balaji/ARM/Toolchain/gcc-arm-none-eabi-5_4-2016q2/bin/../lib/gcc/arm-none-eabi/5.4.1/../../../../arm-none-eabi/lib/armv7-m/crt0.o
 .text          0x00000000        0x0 main.o
 .data          0x00000000        0x0 main.o
 .bss           0x00000000        0x0 main.o
 .text          0x00000000        0x0 startup_LPC17xx.o
 .data          0x00000000        0x0 startup_LPC17xx.o
 .bss           0x00000000        0x0 startup_LPC17xx.o
 .text          0x00000000        0x0 system_LPC17xx.o
 .data          0x00000000        0x0 system_LPC17xx.o
 .bss           0x00000000        0x0 system_LPC17xx.o
 .data.SystemCoreClock
                0x00000000        0x4 system_LPC17xx.o
 .text.SystemCoreClockUpdate
                0x00000000      0x284 system_LPC17xx.o
 .text._exit    0x00000000        0xc system_LPC17xx.o
 .text          0x00000000        0x0 lcd.o
 .data          0x00000000        0x0 lcd.o
 .bss           0x00000000        0x0 lcd.o
 .text          0x00000000        0x0 timer.o
 .data          0x00000000        0x0 timer.o
 .bss           0x00000000        0x0 timer.o
 .text          0x00000000        0x0 //home/sunbeam/Balaji/ARM/Toolchain/gcc-arm-none-eabi-5_4-2016q2/arm-none-eabi/lib/armv7-m/libc.a(lib_a-exit.o)
 .data          0x00000000        0x0 //home/sunbeam/Balaji/ARM/Toolchain/gcc-arm-none-eabi-5_4-2016q2/arm-none-eabi/lib/armv7-m/libc.a(lib_a-exit.o)
 .bss           0x00000000        0x0 //home/sunbeam/Balaji/ARM/Toolchain/gcc-arm-none-eabi-5_4-2016q2/arm-none-eabi/lib/armv7-m/libc.a(lib_a-exit.o)
 .text.exit     0x00000000       0x20 //home/sunbeam/Balaji/ARM/Toolchain/gcc-arm-none-eabi-5_4-2016q2/arm-none-eabi/lib/armv7-m/libc.a(lib_a-exit.o)
 .debug_frame   0x00000000       0x28 //home/sunbeam/Balaji/ARM/Toolchain/gcc-arm-none-eabi-5_4-2016q2/arm-none-eabi/lib/armv7-m/libc.a(lib_a-exit.o)
 .ARM.attributes
                0x00000000       0x2d //home/sunbeam/Balaji/ARM/Toolchain/gcc-arm-none-eabi-5_4-2016q2/arm-none-eabi/lib/armv7-m/libc.a(lib_a-exit.o)
 .text          0x00000000        0x0 //home/sunbeam/Balaji/ARM/Toolchain/gcc-arm-none-eabi-5_4-2016q2/arm-none-eabi/lib/armv7-m/libc.a(lib_a-impure.o)
 .data          0x00000000        0x0 //home/sunbeam/Balaji/ARM/Toolchain/gcc-arm-none-eabi-5_4-2016q2/arm-none-eabi/lib/armv7-m/libc.a(lib_a-impure.o)
 .bss           0x00000000        0x0 //home/sunbeam/Balaji/ARM/Toolchain/gcc-arm-none-eabi-5_4-2016q2/arm-none-eabi/lib/armv7-m/libc.a(lib_a-impure.o)
 .text          0x00000000        0x0 //home/sunbeam/Balaji/ARM/Toolchain/gcc-arm-none-eabi-5_4-2016q2/arm-none-eabi/lib/armv7-m/libc.a(lib_a-init.o)
 .data          0x00000000        0x0 //home/sunbeam/Balaji/ARM/Toolchain/gcc-arm-none-eabi-5_4-2016q2/arm-none-eabi/lib/armv7-m/libc.a(lib_a-init.o)
 .bss           0x00000000        0x0 //home/sunbeam/Balaji/ARM/Toolchain/gcc-arm-none-eabi-5_4-2016q2/arm-none-eabi/lib/armv7-m/libc.a(lib_a-init.o)
 .text.__libc_init_array
                0x00000000       0x50 //home/sunbeam/Balaji/ARM/Toolchain/gcc-arm-none-eabi-5_4-2016q2/arm-none-eabi/lib/armv7-m/libc.a(lib_a-init.o)
 .debug_frame   0x00000000       0x2c //home/sunbeam/Balaji/ARM/Toolchain/gcc-arm-none-eabi-5_4-2016q2/arm-none-eabi/lib/armv7-m/libc.a(lib_a-init.o)
 .ARM.attributes
                0x00000000       0x2d //home/sunbeam/Balaji/ARM/Toolchain/gcc-arm-none-eabi-5_4-2016q2/arm-none-eabi/lib/armv7-m/libc.a(lib_a-init.o)
 .text          0x00000000        0x0 //home/sunbeam/Balaji/ARM/Toolchain/gcc-arm-none-eabi-5_4-2016q2/arm-none-eabi/lib/armv7-m/libc.a(lib_a-memset.o)
 .data          0x00000000        0x0 //home/sunbeam/Balaji/ARM/Toolchain/gcc-arm-none-eabi-5_4-2016q2/arm-none-eabi/lib/armv7-m/libc.a(lib_a-memset.o)
 .bss           0x00000000        0x0 //home/sunbeam/Balaji/ARM/Toolchain/gcc-arm-none-eabi-5_4-2016q2/arm-none-eabi/lib/armv7-m/libc.a(lib_a-memset.o)
 .text          0x00000000        0x0 //home/sunbeam/Balaji/ARM/Toolchain/gcc-arm-none-eabi-5_4-2016q2/arm-none-eabi/lib/armv7-m/libc.a(lib_a-sprintf.o)
 .data          0x00000000        0x0 //home/sunbeam/Balaji/ARM/Toolchain/gcc-arm-none-eabi-5_4-2016q2/arm-none-eabi/lib/armv7-m/libc.a(lib_a-sprintf.o)
 .bss           0x00000000        0x0 //home/sunbeam/Balaji/ARM/Toolchain/gcc-arm-none-eabi-5_4-2016q2/arm-none-eabi/lib/armv7-m/libc.a(lib_a-sprintf.o)
 .text._sprintf_r
                0x00000000       0x44 //home/sunbeam/Balaji/ARM/Toolchain/gcc-arm-none-eabi-5_4-2016q2/arm-none-eabi/lib/armv7-m/libc.a(lib_a-sprintf.o)
 .text          0x00000000        0x0 //home/sunbeam/Balaji/ARM/Toolchain/gcc-arm-none-eabi-5_4-2016q2/arm-none-eabi/lib/armv7-m/libc.a(lib_a-svfprintf.o)
 .data          0x00000000        0x0 //home/sunbeam/Balaji/ARM/Toolchain/gcc-arm-none-eabi-5_4-2016q2/arm-none-eabi/lib/armv7-m/libc.a(lib_a-svfprintf.o)
 .bss           0x00000000        0x0 //home/sunbeam/Balaji/ARM/Toolchain/gcc-arm-none-eabi-5_4-2016q2/arm-none-eabi/lib/armv7-m/libc.a(lib_a-svfprintf.o)
 .text          0x00000000        0x0 //home/sunbeam/Balaji/ARM/Toolchain/gcc-arm-none-eabi-5_4-2016q2/arm-none-eabi/lib/armv7-m/libc.a(lib_a-__call_atexit.o)
 .data          0x00000000        0x0 //home/sunbeam/Balaji/ARM/Toolchain/gcc-arm-none-eabi-5_4-2016q2/arm-none-eabi/lib/armv7-m/libc.a(lib_a-__call_atexit.o)
 .bss           0x00000000        0x0 //home/sunbeam/Balaji/ARM/Toolchain/gcc-arm-none-eabi-5_4-2016q2/arm-none-eabi/lib/armv7-m/libc.a(lib_a-__call_atexit.o)
 .text.__call_exitprocs
                0x00000000       0xd8 //home/sunbeam/Balaji/ARM/Toolchain/gcc-arm-none-eabi-5_4-2016q2/arm-none-eabi/lib/armv7-m/libc.a(lib_a-__call_atexit.o)
 .text          0x00000000        0x0 //home/sunbeam/Balaji/ARM/Toolchain/gcc-arm-none-eabi-5_4-2016q2/arm-none-eabi/lib/armv7-m/libc.a(lib_a-atexit.o)
 .data          0x00000000        0x0 //home/sunbeam/Balaji/ARM/Toolchain/gcc-arm-none-eabi-5_4-2016q2/arm-none-eabi/lib/armv7-m/libc.a(lib_a-atexit.o)
 .bss           0x00000000        0x0 //home/sunbeam/Balaji/ARM/Toolchain/gcc-arm-none-eabi-5_4-2016q2/arm-none-eabi/lib/armv7-m/libc.a(lib_a-atexit.o)
 .text          0x00000000        0x0 //home/sunbeam/Balaji/ARM/Toolchain/gcc-arm-none-eabi-5_4-2016q2/arm-none-eabi/lib/armv7-m/libc.a(lib_a-dtoa.o)
 .data          0x00000000        0x0 //home/sunbeam/Balaji/ARM/Toolchain/gcc-arm-none-eabi-5_4-2016q2/arm-none-eabi/lib/armv7-m/libc.a(lib_a-dtoa.o)
 .bss           0x00000000        0x0 //home/sunbeam/Balaji/ARM/Toolchain/gcc-arm-none-eabi-5_4-2016q2/arm-none-eabi/lib/armv7-m/libc.a(lib_a-dtoa.o)
 .text          0x00000000        0x0 //home/sunbeam/Balaji/ARM/Toolchain/gcc-arm-none-eabi-5_4-2016q2/arm-none-eabi/lib/armv7-m/libc.a(lib_a-fini.o)
 .data          0x00000000        0x0 //home/sunbeam/Balaji/ARM/Toolchain/gcc-arm-none-eabi-5_4-2016q2/arm-none-eabi/lib/armv7-m/libc.a(lib_a-fini.o)
 .bss           0x00000000        0x0 //home/sunbeam/Balaji/ARM/Toolchain/gcc-arm-none-eabi-5_4-2016q2/arm-none-eabi/lib/armv7-m/libc.a(lib_a-fini.o)
 .text          0x00000000        0x0 //home/sunbeam/Balaji/ARM/Toolchain/gcc-arm-none-eabi-5_4-2016q2/arm-none-eabi/lib/armv7-m/libc.a(lib_a-locale.o)
 .data          0x00000000        0x0 //home/sunbeam/Balaji/ARM/Toolchain/gcc-arm-none-eabi-5_4-2016q2/arm-none-eabi/lib/armv7-m/libc.a(lib_a-locale.o)
 .bss           0x00000000        0x0 //home/sunbeam/Balaji/ARM/Toolchain/gcc-arm-none-eabi-5_4-2016q2/arm-none-eabi/lib/armv7-m/libc.a(lib_a-locale.o)
 .text._setlocale_r
                0x00000000       0x40 //home/sunbeam/Balaji/ARM/Toolchain/gcc-arm-none-eabi-5_4-2016q2/arm-none-eabi/lib/armv7-m/libc.a(lib_a-locale.o)
 .text.__locale_charset
                0x00000000        0x8 //home/sunbeam/Balaji/ARM/Toolchain/gcc-arm-none-eabi-5_4-2016q2/arm-none-eabi/lib/armv7-m/libc.a(lib_a-locale.o)
 .text.__locale_mb_cur_max
                0x00000000        0xc //home/sunbeam/Balaji/ARM/Toolchain/gcc-arm-none-eabi-5_4-2016q2/arm-none-eabi/lib/armv7-m/libc.a(lib_a-locale.o)
 .text.__locale_msgcharset
                0x00000000        0x8 //home/sunbeam/Balaji/ARM/Toolchain/gcc-arm-none-eabi-5_4-2016q2/arm-none-eabi/lib/armv7-m/libc.a(lib_a-locale.o)
 .text.__locale_cjk_lang
                0x00000000        0x4 //home/sunbeam/Balaji/ARM/Toolchain/gcc-arm-none-eabi-5_4-2016q2/arm-none-eabi/lib/armv7-m/libc.a(lib_a-locale.o)
 .text.setlocale
                0x00000000       0x10 //home/sunbeam/Balaji/ARM/Toolchain/gcc-arm-none-eabi-5_4-2016q2/arm-none-eabi/lib/armv7-m/libc.a(lib_a-locale.o)
 .text.localeconv
                0x00000000        0x8 //home/sunbeam/Balaji/ARM/Toolchain/gcc-arm-none-eabi-5_4-2016q2/arm-none-eabi/lib/armv7-m/libc.a(lib_a-locale.o)
 .data.lc_message_charset
                0x00000000       0x20 //home/sunbeam/Balaji/ARM/Toolchain/gcc-arm-none-eabi-5_4-2016q2/arm-none-eabi/lib/armv7-m/libc.a(lib_a-locale.o)
 .bss._PathLocale
                0x00000000        0x4 //home/sunbeam/Balaji/ARM/Toolchain/gcc-arm-none-eabi-5_4-2016q2/arm-none-eabi/lib/armv7-m/libc.a(lib_a-locale.o)
 .bss.__nlocale_changed
                0x00000000        0x4 //home/sunbeam/Balaji/ARM/Toolchain/gcc-arm-none-eabi-5_4-2016q2/arm-none-eabi/lib/armv7-m/libc.a(lib_a-locale.o)
 .bss.__mlocale_changed
                0x00000000        0x4 //home/sunbeam/Balaji/ARM/Toolchain/gcc-arm-none-eabi-5_4-2016q2/arm-none-eabi/lib/armv7-m/libc.a(lib_a-locale.o)
 .data.lc_ctype_charset
                0x00000000       0x20 //home/sunbeam/Balaji/ARM/Toolchain/gcc-arm-none-eabi-5_4-2016q2/arm-none-eabi/lib/armv7-m/libc.a(lib_a-locale.o)
 .data.__mb_cur_max
                0x00000000        0x4 //home/sunbeam/Balaji/ARM/Toolchain/gcc-arm-none-eabi-5_4-2016q2/arm-none-eabi/lib/armv7-m/libc.a(lib_a-locale.o)
 .text          0x00000000        0x0 //home/sunbeam/Balaji/ARM/Toolchain/gcc-arm-none-eabi-5_4-2016q2/arm-none-eabi/lib/armv7-m/libc.a(lib_a-mallocr.o)
 .data          0x00000000        0x0 //home/sunbeam/Balaji/ARM/Toolchain/gcc-arm-none-eabi-5_4-2016q2/arm-none-eabi/lib/armv7-m/libc.a(lib_a-mallocr.o)
 .bss           0x00000000        0x0 //home/sunbeam/Balaji/ARM/Toolchain/gcc-arm-none-eabi-5_4-2016q2/arm-none-eabi/lib/armv7-m/libc.a(lib_a-mallocr.o)
 .text          0x00000000        0x0 //home/sunbeam/Balaji/ARM/Toolchain/gcc-arm-none-eabi-5_4-2016q2/arm-none-eabi/lib/armv7-m/libc.a(lib_a-memchr-stub.o)
 .data          0x00000000        0x0 //home/sunbeam/Balaji/ARM/Toolchain/gcc-arm-none-eabi-5_4-2016q2/arm-none-eabi/lib/armv7-m/libc.a(lib_a-memchr-stub.o)
 .bss           0x00000000        0x0 //home/sunbeam/Balaji/ARM/Toolchain/gcc-arm-none-eabi-5_4-2016q2/arm-none-eabi/lib/armv7-m/libc.a(lib_a-memchr-stub.o)
 .data          0x00000000        0x0 //home/sunbeam/Balaji/ARM/Toolchain/gcc-arm-none-eabi-5_4-2016q2/arm-none-eabi/lib/armv7-m/libc.a(lib_a-memcpy.o)
 .bss           0x00000000        0x0 //home/sunbeam/Balaji/ARM/Toolchain/gcc-arm-none-eabi-5_4-2016q2/arm-none-eabi/lib/armv7-m/libc.a(lib_a-memcpy.o)
 .text          0x00000000        0x0 //home/sunbeam/Balaji/ARM/Toolchain/gcc-arm-none-eabi-5_4-2016q2/arm-none-eabi/lib/armv7-m/libc.a(lib_a-mlock.o)
 .data          0x00000000        0x0 //home/sunbeam/Balaji/ARM/Toolchain/gcc-arm-none-eabi-5_4-2016q2/arm-none-eabi/lib/armv7-m/libc.a(lib_a-mlock.o)
 .bss           0x00000000        0x0 //home/sunbeam/Balaji/ARM/Toolchain/gcc-arm-none-eabi-5_4-2016q2/arm-none-eabi/lib/armv7-m/libc.a(lib_a-mlock.o)
 .text          0x00000000        0x0 //home/sunbeam/Balaji/ARM/Toolchain/gcc-arm-none-eabi-5_4-2016q2/arm-none-eabi/lib/armv7-m/libc.a(lib_a-mprec.o)
 .data          0x00000000        0x0 //home/sunbeam/Balaji/ARM/Toolchain/gcc-arm-none-eabi-5_4-2016q2/arm-none-eabi/lib/armv7-m/libc.a(lib_a-mprec.o)
 .bss           0x00000000        0x0 //home/sunbeam/Balaji/ARM/Toolchain/gcc-arm-none-eabi-5_4-2016q2/arm-none-eabi/lib/armv7-m/libc.a(lib_a-mprec.o)
 .text.__s2b    0x00000000       0x98 //home/sunbeam/Balaji/ARM/Toolchain/gcc-arm-none-eabi-5_4-2016q2/arm-none-eabi/lib/armv7-m/libc.a(lib_a-mprec.o)
 .text.__ulp    0x00000000       0x44 //home/sunbeam/Balaji/ARM/Toolchain/gcc-arm-none-eabi-5_4-2016q2/arm-none-eabi/lib/armv7-m/libc.a(lib_a-mprec.o)
 .text.__b2d    0x00000000       0xd4 //home/sunbeam/Balaji/ARM/Toolchain/gcc-arm-none-eabi-5_4-2016q2/arm-none-eabi/lib/armv7-m/libc.a(lib_a-mprec.o)
 .text.__ratio  0x00000000       0x54 //home/sunbeam/Balaji/ARM/Toolchain/gcc-arm-none-eabi-5_4-2016q2/arm-none-eabi/lib/armv7-m/libc.a(lib_a-mprec.o)
 .text._mprec_log10
                0x00000000       0x34 //home/sunbeam/Balaji/ARM/Toolchain/gcc-arm-none-eabi-5_4-2016q2/arm-none-eabi/lib/armv7-m/libc.a(lib_a-mprec.o)
 .text.__copybits
                0x00000000       0x48 //home/sunbeam/Balaji/ARM/Toolchain/gcc-arm-none-eabi-5_4-2016q2/arm-none-eabi/lib/armv7-m/libc.a(lib_a-mprec.o)
 .text.__any_on
                0x00000000       0x5c //home/sunbeam/Balaji/ARM/Toolchain/gcc-arm-none-eabi-5_4-2016q2/arm-none-eabi/lib/armv7-m/libc.a(lib_a-mprec.o)
 .rodata.__mprec_tinytens
                0x00000000       0x28 //home/sunbeam/Balaji/ARM/Toolchain/gcc-arm-none-eabi-5_4-2016q2/arm-none-eabi/lib/armv7-m/libc.a(lib_a-mprec.o)
 .text          0x00000000        0x0 //home/sunbeam/Balaji/ARM/Toolchain/gcc-arm-none-eabi-5_4-2016q2/arm-none-eabi/lib/armv7-m/libc.a(lib_a-sbrkr.o)
 .data          0x00000000        0x0 //home/sunbeam/Balaji/ARM/Toolchain/gcc-arm-none-eabi-5_4-2016q2/arm-none-eabi/lib/armv7-m/libc.a(lib_a-sbrkr.o)
 .bss           0x00000000        0x0 //home/sunbeam/Balaji/ARM/Toolchain/gcc-arm-none-eabi-5_4-2016q2/arm-none-eabi/lib/armv7-m/libc.a(lib_a-sbrkr.o)
 .text          0x00000000      0x1bc //home/sunbeam/Balaji/ARM/Toolchain/gcc-arm-none-eabi-5_4-2016q2/arm-none-eabi/lib/armv7-m/libc.a(lib_a-strcmp.o)
 .data          0x00000000        0x0 //home/sunbeam/Balaji/ARM/Toolchain/gcc-arm-none-eabi-5_4-2016q2/arm-none-eabi/lib/armv7-m/libc.a(lib_a-strcmp.o)
 .bss           0x00000000        0x0 //home/sunbeam/Balaji/ARM/Toolchain/gcc-arm-none-eabi-5_4-2016q2/arm-none-eabi/lib/armv7-m/libc.a(lib_a-strcmp.o)
 .debug_frame   0x00000000       0x34 //home/sunbeam/Balaji/ARM/Toolchain/gcc-arm-none-eabi-5_4-2016q2/arm-none-eabi/lib/armv7-m/libc.a(lib_a-strcmp.o)
 .ARM.attributes
                0x00000000       0x1b //home/sunbeam/Balaji/ARM/Toolchain/gcc-arm-none-eabi-5_4-2016q2/arm-none-eabi/lib/armv7-m/libc.a(lib_a-strcmp.o)
 .text          0x00000000        0x0 //home/sunbeam/Balaji/ARM/Toolchain/gcc-arm-none-eabi-5_4-2016q2/arm-none-eabi/lib/armv7-m/libc.a(lib_a-strlen-stub.o)
 .data          0x00000000        0x0 //home/sunbeam/Balaji/ARM/Toolchain/gcc-arm-none-eabi-5_4-2016q2/arm-none-eabi/lib/armv7-m/libc.a(lib_a-strlen-stub.o)
 .bss           0x00000000        0x0 //home/sunbeam/Balaji/ARM/Toolchain/gcc-arm-none-eabi-5_4-2016q2/arm-none-eabi/lib/armv7-m/libc.a(lib_a-strlen-stub.o)
 .text          0x00000000        0x0 //home/sunbeam/Balaji/ARM/Toolchain/gcc-arm-none-eabi-5_4-2016q2/arm-none-eabi/lib/armv7-m/libc.a(lib_a-svfiprintf.o)
 .data          0x00000000        0x0 //home/sunbeam/Balaji/ARM/Toolchain/gcc-arm-none-eabi-5_4-2016q2/arm-none-eabi/lib/armv7-m/libc.a(lib_a-svfiprintf.o)
 .bss           0x00000000        0x0 //home/sunbeam/Balaji/ARM/Toolchain/gcc-arm-none-eabi-5_4-2016q2/arm-none-eabi/lib/armv7-m/libc.a(lib_a-svfiprintf.o)
 .text._svfiprintf_r
                0x00000000      0xc4c //home/sunbeam/Balaji/ARM/Toolchain/gcc-arm-none-eabi-5_4-2016q2/arm-none-eabi/lib/armv7-m/libc.a(lib_a-svfiprintf.o)
 .rodata.blanks.6999
                0x00000000       0x10 //home/sunbeam/Balaji/ARM/Toolchain/gcc-arm-none-eabi-5_4-2016q2/arm-none-eabi/lib/armv7-m/libc.a(lib_a-svfiprintf.o)
 .rodata.str1.4
                0x00000000       0x2f //home/sunbeam/Balaji/ARM/Toolchain/gcc-arm-none-eabi-5_4-2016q2/arm-none-eabi/lib/armv7-m/libc.a(lib_a-svfiprintf.o)
 .rodata.zeroes.7000
                0x00000000       0x10 //home/sunbeam/Balaji/ARM/Toolchain/gcc-arm-none-eabi-5_4-2016q2/arm-none-eabi/lib/armv7-m/libc.a(lib_a-svfiprintf.o)
 .text          0x00000000        0x0 //home/sunbeam/Balaji/ARM/Toolchain/gcc-arm-none-eabi-5_4-2016q2/arm-none-eabi/lib/armv7-m/libc.a(lib_a-__atexit.o)
 .data          0x00000000        0x0 //home/sunbeam/Balaji/ARM/Toolchain/gcc-arm-none-eabi-5_4-2016q2/arm-none-eabi/lib/armv7-m/libc.a(lib_a-__atexit.o)
 .bss           0x00000000        0x0 //home/sunbeam/Balaji/ARM/Toolchain/gcc-arm-none-eabi-5_4-2016q2/arm-none-eabi/lib/armv7-m/libc.a(lib_a-__atexit.o)
 .text          0x00000000        0x0 //home/sunbeam/Balaji/ARM/Toolchain/gcc-arm-none-eabi-5_4-2016q2/arm-none-eabi/lib/armv7-m/libc.a(lib_a-callocr.o)
 .data          0x00000000        0x0 //home/sunbeam/Balaji/ARM/Toolchain/gcc-arm-none-eabi-5_4-2016q2/arm-none-eabi/lib/armv7-m/libc.a(lib_a-callocr.o)
 .bss           0x00000000        0x0 //home/sunbeam/Balaji/ARM/Toolchain/gcc-arm-none-eabi-5_4-2016q2/arm-none-eabi/lib/armv7-m/libc.a(lib_a-callocr.o)
 .text          0x00000000        0x0 //home/sunbeam/Balaji/ARM/Toolchain/gcc-arm-none-eabi-5_4-2016q2/arm-none-eabi/lib/armv7-m/libc.a(lib_a-freer.o)
 .data          0x00000000        0x0 //home/sunbeam/Balaji/ARM/Toolchain/gcc-arm-none-eabi-5_4-2016q2/arm-none-eabi/lib/armv7-m/libc.a(lib_a-freer.o)
 .bss           0x00000000        0x0 //home/sunbeam/Balaji/ARM/Toolchain/gcc-arm-none-eabi-5_4-2016q2/arm-none-eabi/lib/armv7-m/libc.a(lib_a-freer.o)
 .text          0x00000000        0x0 //home/sunbeam/Balaji/ARM/Toolchain/gcc-arm-none-eabi-5_4-2016q2/arm-none-eabi/lib/armv7-m/libc.a(lib_a-memmove.o)
 .data          0x00000000        0x0 //home/sunbeam/Balaji/ARM/Toolchain/gcc-arm-none-eabi-5_4-2016q2/arm-none-eabi/lib/armv7-m/libc.a(lib_a-memmove.o)
 .bss           0x00000000        0x0 //home/sunbeam/Balaji/ARM/Toolchain/gcc-arm-none-eabi-5_4-2016q2/arm-none-eabi/lib/armv7-m/libc.a(lib_a-memmove.o)
 .text          0x00000000        0x0 //home/sunbeam/Balaji/ARM/Toolchain/gcc-arm-none-eabi-5_4-2016q2/arm-none-eabi/lib/armv7-m/libc.a(lib_a-reallocr.o)
 .data          0x00000000        0x0 //home/sunbeam/Balaji/ARM/Toolchain/gcc-arm-none-eabi-5_4-2016q2/arm-none-eabi/lib/armv7-m/libc.a(lib_a-reallocr.o)
 .bss           0x00000000        0x0 //home/sunbeam/Balaji/ARM/Toolchain/gcc-arm-none-eabi-5_4-2016q2/arm-none-eabi/lib/armv7-m/libc.a(lib_a-reallocr.o)
 .text          0x00000000        0x0 //home/sunbeam/Balaji/ARM/Toolchain/gcc-arm-none-eabi-5_4-2016q2/arm-none-eabi/lib/armv7-m/libc.a(lib_a-reent.o)
 .data          0x00000000        0x0 //home/sunbeam/Balaji/ARM/Toolchain/gcc-arm-none-eabi-5_4-2016q2/arm-none-eabi/lib/armv7-m/libc.a(lib_a-reent.o)
 .bss           0x00000000        0x0 //home/sunbeam/Balaji/ARM/Toolchain/gcc-arm-none-eabi-5_4-2016q2/arm-none-eabi/lib/armv7-m/libc.a(lib_a-reent.o)
 .text.cleanup_glue
                0x00000000       0x1c //home/sunbeam/Balaji/ARM/Toolchain/gcc-arm-none-eabi-5_4-2016q2/arm-none-eabi/lib/armv7-m/libc.a(lib_a-reent.o)
 .text._reclaim_reent
                0x00000000       0x88 //home/sunbeam/Balaji/ARM/Toolchain/gcc-arm-none-eabi-5_4-2016q2/arm-none-eabi/lib/armv7-m/libc.a(lib_a-reent.o)
 .text          0x00000000        0x0 //home/sunbeam/Balaji/ARM/Toolchain/gcc-arm-none-eabi-5_4-2016q2/arm-none-eabi/lib/armv7-m/libnosys.a(sbrk.o)
 .data          0x00000000        0x0 //home/sunbeam/Balaji/ARM/Toolchain/gcc-arm-none-eabi-5_4-2016q2/arm-none-eabi/lib/armv7-m/libnosys.a(sbrk.o)
 .bss           0x00000000        0x0 //home/sunbeam/Balaji/ARM/Toolchain/gcc-arm-none-eabi-5_4-2016q2/arm-none-eabi/lib/armv7-m/libnosys.a(sbrk.o)
 .data          0x00000000        0x0 /home/sunbeam/Balaji/ARM/Toolchain/gcc-arm-none-eabi-5_4-2016q2/bin/../lib/gcc/arm-none-eabi/5.4.1/armv7-m/libgcc.a(_arm_addsubdf3.o)
 .bss           0x00000000        0x0 /home/sunbeam/Balaji/ARM/Toolchain/gcc-arm-none-eabi-5_4-2016q2/bin/../lib/gcc/arm-none-eabi/5.4.1/armv7-m/libgcc.a(_arm_addsubdf3.o)
 .data          0x00000000        0x0 /home/sunbeam/Balaji/ARM/Toolchain/gcc-arm-none-eabi-5_4-2016q2/bin/../lib/gcc/arm-none-eabi/5.4.1/armv7-m/libgcc.a(_arm_muldivdf3.o)
 .bss           0x00000000        0x0 /home/sunbeam/Balaji/ARM/Toolchain/gcc-arm-none-eabi-5_4-2016q2/bin/../lib/gcc/arm-none-eabi/5.4.1/armv7-m/libgcc.a(_arm_muldivdf3.o)
 .data          0x00000000        0x0 /home/sunbeam/Balaji/ARM/Toolchain/gcc-arm-none-eabi-5_4-2016q2/bin/../lib/gcc/arm-none-eabi/5.4.1/armv7-m/libgcc.a(_arm_cmpdf2.o)
 .bss           0x00000000        0x0 /home/sunbeam/Balaji/ARM/Toolchain/gcc-arm-none-eabi-5_4-2016q2/bin/../lib/gcc/arm-none-eabi/5.4.1/armv7-m/libgcc.a(_arm_cmpdf2.o)
 .data          0x00000000        0x0 /home/sunbeam/Balaji/ARM/Toolchain/gcc-arm-none-eabi-5_4-2016q2/bin/../lib/gcc/arm-none-eabi/5.4.1/armv7-m/libgcc.a(_arm_unorddf2.o)
 .bss           0x00000000        0x0 /home/sunbeam/Balaji/ARM/Toolchain/gcc-arm-none-eabi-5_4-2016q2/bin/../lib/gcc/arm-none-eabi/5.4.1/armv7-m/libgcc.a(_arm_unorddf2.o)
 .data          0x00000000        0x0 /home/sunbeam/Balaji/ARM/Toolchain/gcc-arm-none-eabi-5_4-2016q2/bin/../lib/gcc/arm-none-eabi/5.4.1/armv7-m/libgcc.a(_arm_fixdfsi.o)
 .bss           0x00000000        0x0 /home/sunbeam/Balaji/ARM/Toolchain/gcc-arm-none-eabi-5_4-2016q2/bin/../lib/gcc/arm-none-eabi/5.4.1/armv7-m/libgcc.a(_arm_fixdfsi.o)
 .data          0x00000000        0x0 /home/sunbeam/Balaji/ARM/Toolchain/gcc-arm-none-eabi-5_4-2016q2/bin/../lib/gcc/arm-none-eabi/5.4.1/armv7-m/libgcc.a(_aeabi_uldivmod.o)
 .bss           0x00000000        0x0 /home/sunbeam/Balaji/ARM/Toolchain/gcc-arm-none-eabi-5_4-2016q2/bin/../lib/gcc/arm-none-eabi/5.4.1/armv7-m/libgcc.a(_aeabi_uldivmod.o)
 .data          0x00000000        0x0 /home/sunbeam/Balaji/ARM/Toolchain/gcc-arm-none-eabi-5_4-2016q2/bin/../lib/gcc/arm-none-eabi/5.4.1/armv7-m/libgcc.a(_udivmoddi4.o)
 .bss           0x00000000        0x0 /home/sunbeam/Balaji/ARM/Toolchain/gcc-arm-none-eabi-5_4-2016q2/bin/../lib/gcc/arm-none-eabi/5.4.1/armv7-m/libgcc.a(_udivmoddi4.o)
 .ARM.extab     0x00000000        0x0 /home/sunbeam/Balaji/ARM/Toolchain/gcc-arm-none-eabi-5_4-2016q2/bin/../lib/gcc/arm-none-eabi/5.4.1/armv7-m/libgcc.a(_udivmoddi4.o)
 .data          0x00000000        0x0 /home/sunbeam/Balaji/ARM/Toolchain/gcc-arm-none-eabi-5_4-2016q2/bin/../lib/gcc/arm-none-eabi/5.4.1/armv7-m/libgcc.a(_dvmd_tls.o)
 .bss           0x00000000        0x0 /home/sunbeam/Balaji/ARM/Toolchain/gcc-arm-none-eabi-5_4-2016q2/bin/../lib/gcc/arm-none-eabi/5.4.1/armv7-m/libgcc.a(_dvmd_tls.o)
 .text          0x00000000        0x0 /home/sunbeam/Balaji/ARM/Toolchain/gcc-arm-none-eabi-5_4-2016q2/bin/../lib/gcc/arm-none-eabi/5.4.1/armv7-m/crtend.o
 .data          0x00000000        0x0 /home/sunbeam/Balaji/ARM/Toolchain/gcc-arm-none-eabi-5_4-2016q2/bin/../lib/gcc/arm-none-eabi/5.4.1/armv7-m/crtend.o
 .bss           0x00000000        0x0 /home/sunbeam/Balaji/ARM/Toolchain/gcc-arm-none-eabi-5_4-2016q2/bin/../lib/gcc/arm-none-eabi/5.4.1/armv7-m/crtend.o
 .jcr           0x00000000        0x4 /home/sunbeam/Balaji/ARM/Toolchain/gcc-arm-none-eabi-5_4-2016q2/bin/../lib/gcc/arm-none-eabi/5.4.1/armv7-m/crtend.o
 .text          0x00000000        0x0 /home/sunbeam/Balaji/ARM/Toolchain/gcc-arm-none-eabi-5_4-2016q2/bin/../lib/gcc/arm-none-eabi/5.4.1/armv7-m/crtn.o
 .data          0x00000000        0x0 /home/sunbeam/Balaji/ARM/Toolchain/gcc-arm-none-eabi-5_4-2016q2/bin/../lib/gcc/arm-none-eabi/5.4.1/armv7-m/crtn.o
 .bss           0x00000000        0x0 /home/sunbeam/Balaji/ARM/Toolchain/gcc-arm-none-eabi-5_4-2016q2/bin/../lib/gcc/arm-none-eabi/5.4.1/armv7-m/crtn.o

Memory Configuration

Name             Origin             Length             Attributes
FLASH            0x00002000         0x0007e000         xr
RAM              0x100000c8         0x00007f38         xrw
USB_RAM          0x2007c000         0x00004000         xrw
ETH_RAM          0x20080000         0x00004000         xrw
*default*        0x00000000         0xffffffff

Linker script and memory map

LOAD /home/sunbeam/Balaji/ARM/Toolchain/gcc-arm-none-eabi-5_4-2016q2/bin/../lib/gcc/arm-none-eabi/5.4.1/armv7-m/crti.o
LOAD /home/sunbeam/Balaji/ARM/Toolchain/gcc-arm-none-eabi-5_4-2016q2/bin/../lib/gcc/arm-none-eabi/5.4.1/armv7-m/crtbegin.o
LOAD /home/sunbeam/Balaji/ARM/Toolchain/gcc-arm-none-eabi-5_4-2016q2/bin/../lib/gcc/arm-none-eabi/5.4.1/../../../../arm-none-eabi/lib/armv7-m/crt0.o
LOAD main.o
LOAD startup_LPC17xx.o
LOAD system_LPC17xx.o
LOAD lcd.o
LOAD timer.o
LOAD //home/sunbeam/Balaji/ARM/Toolchain/gcc-arm-none-eabi-5_4-2016q2/arm-none-eabi/lib/armv7-m/libstdc++.a
LOAD //home/sunbeam/Balaji/ARM/Toolchain/gcc-arm-none-eabi-5_4-2016q2/arm-none-eabi/lib/armv7-m/libsupc++.a
LOAD //home/sunbeam/Balaji/ARM/Toolchain/gcc-arm-none-eabi-5_4-2016q2/arm-none-eabi/lib/armv7-m/libm.a
LOAD //home/sunbeam/Balaji/ARM/Toolchain/gcc-arm-none-eabi-5_4-2016q2/arm-none-eabi/lib/armv7-m/libc.a
LOAD //home/sunbeam/Balaji/ARM/Toolchain/gcc-arm-none-eabi-5_4-2016q2/arm-none-eabi/lib/armv7-m/libg.a
LOAD //home/sunbeam/Balaji/ARM/Toolchain/gcc-arm-none-eabi-5_4-2016q2/arm-none-eabi/lib/armv7-m/libnosys.a
LOAD //home/sunbeam/Balaji/ARM/Toolchain/gcc-arm-none-eabi-5_4-2016q2/arm-none-eabi/lib/armv7-m/libstdc++.a
LOAD //home/sunbeam/Balaji/ARM/Toolchain/gcc-arm-none-eabi-5_4-2016q2/arm-none-eabi/lib/armv7-m/libsupc++.a
LOAD //home/sunbeam/Balaji/ARM/Toolchain/gcc-arm-none-eabi-5_4-2016q2/arm-none-eabi/lib/armv7-m/libm.a
LOAD //home/sunbeam/Balaji/ARM/Toolchain/gcc-arm-none-eabi-5_4-2016q2/arm-none-eabi/lib/armv7-m/libc.a
LOAD //home/sunbeam/Balaji/ARM/Toolchain/gcc-arm-none-eabi-5_4-2016q2/arm-none-eabi/lib/armv7-m/libg.a
LOAD //home/sunbeam/Balaji/ARM/Toolchain/gcc-arm-none-eabi-5_4-2016q2/arm-none-eabi/lib/armv7-m/libnosys.a
START GROUP
LOAD /home/sunbeam/Balaji/ARM/Toolchain/gcc-arm-none-eabi-5_4-2016q2/bin/../lib/gcc/arm-none-eabi/5.4.1/armv7-m/libgcc.a
LOAD //home/sunbeam/Balaji/ARM/Toolchain/gcc-arm-none-eabi-5_4-2016q2/arm-none-eabi/lib/armv7-m/libc.a
END GROUP
LOAD /home/sunbeam/Balaji/ARM/Toolchain/gcc-arm-none-eabi-5_4-2016q2/bin/../lib/gcc/arm-none-eabi/5.4.1/armv7-m/crtend.o
LOAD /home/sunbeam/Balaji/ARM/Toolchain/gcc-arm-none-eabi-5_4-2016q2/bin/../lib/gcc/arm-none-eabi/5.4.1/armv7-m/crtn.o

.text           0x00002000     0x5238
 *(.isr_vector)
 .isr_vector    0x00002000       0xc4 startup_LPC17xx.o
                0x00002000                g_pfnVectors
 *(.text*)
 .text          0x000020c4       0x5c /home/sunbeam/Balaji/ARM/Toolchain/gcc-arm-none-eabi-5_4-2016q2/bin/../lib/gcc/arm-none-eabi/5.4.1/armv7-m/crtbegin.o
 .text.main     0x00002120       0x4c main.o
                0x00002120                main
 .text.Reset_Handler
                0x0000216c       0x70 startup_LPC17xx.o
                0x0000216c                Reset_Handler
 .text.Default_Handler
                0x000021dc        0x8 startup_LPC17xx.o
                0x000021dc                TIMER2_IRQHandler
                0x000021dc                DebugMon_Handler
                0x000021dc                RIT_IRQHandler
                0x000021dc                I2C0_IRQHandler
                0x000021dc                SysTick_Handler
                0x000021dc                PWM1_IRQHandler
                0x000021dc                PendSV_Handler
                0x000021dc                I2C1_IRQHandler
                0x000021dc                EINT2_IRQHandler
                0x000021dc                UART1_IRQHandler
                0x000021dc                EINT3_IRQHandler
                0x000021dc                TIMER3_IRQHandler
                0x000021dc                UART0_IRQHandler
                0x000021dc                UsageFault_Handler
                0x000021dc                PLL0_IRQHandler
                0x000021dc                CAN_IRQHandler
                0x000021dc                PLL1_IRQHandler
                0x000021dc                SSP0_IRQHandler
                0x000021dc                I2S_IRQHandler
                0x000021dc                I2C2_IRQHandler
                0x000021dc                RTC_IRQHandler
                0x000021dc                TIMER0_IRQHandler
                0x000021dc                SPI_IRQHandler
                0x000021dc                EINT1_IRQHandler
                0x000021dc                TIMER1_IRQHandler
                0x000021dc                UART2_IRQHandler
                0x000021dc                Default_Handler
                0x000021dc                ADC_IRQHandler
                0x000021dc                SSP1_IRQHandler
                0x000021dc                USB_IRQHandler
                0x000021dc                BOD_IRQHandler
                0x000021dc                MemManage_Handler
                0x000021dc                WDT_IRQHandler
                0x000021dc                SVC_Handler
                0x000021dc                QEI_IRQHandler
                0x000021dc                EINT0_IRQHandler
                0x000021dc                DMA_IRQHandler
                0x000021dc                BusFault_Handler
                0x000021dc                UART3_IRQHandler
                0x000021dc                MCPWM_IRQHandler
                0x000021dc                ENET_IRQHandler
 .text.SystemInit
                0x000021e4      0x13c system_LPC17xx.o
                0x000021e4                SystemInit
 .text.sw_delay
                0x00002320       0x40 system_LPC17xx.o
                0x00002320                sw_delay
 .text.lcd_init
                0x00002360       0x50 lcd.o
                0x00002360                lcd_init
 .text.lcd_write
                0x000023b0       0x48 lcd.o
                0x000023b0                lcd_write
 .text.lcd_write_byte
                0x000023f8       0x64 lcd.o
                0x000023f8                lcd_write_byte
 .text.lcd_write_nibble
                0x0000245c       0x40 lcd.o
                0x0000245c                lcd_write_nibble
 .text.lcd_busy_wait
                0x0000249c       0x54 lcd.o
                0x0000249c                lcd_busy_wait
 .text.timer_init
                0x000024f0       0x24 timer.o
                0x000024f0                timer_init
 .text.timer_delay
                0x00002514       0x6c timer.o
                0x00002514                timer_delay
 .text.memset   0x00002580       0x9c //home/sunbeam/Balaji/ARM/Toolchain/gcc-arm-none-eabi-5_4-2016q2/arm-none-eabi/lib/armv7-m/libc.a(lib_a-memset.o)
                0x00002580                memset
 .text.sprintf  0x0000261c       0x4c //home/sunbeam/Balaji/ARM/Toolchain/gcc-arm-none-eabi-5_4-2016q2/arm-none-eabi/lib/armv7-m/libc.a(lib_a-sprintf.o)
                0x0000261c                sprintf
 .text._svfprintf_r
                0x00002668     0x175c //home/sunbeam/Balaji/ARM/Toolchain/gcc-arm-none-eabi-5_4-2016q2/arm-none-eabi/lib/armv7-m/libc.a(lib_a-svfprintf.o)
                0x00002668                _svfprintf_r
 .text.startup.register_fini
                0x00003dc4       0x14 //home/sunbeam/Balaji/ARM/Toolchain/gcc-arm-none-eabi-5_4-2016q2/arm-none-eabi/lib/armv7-m/libc.a(lib_a-__call_atexit.o)
 .text.atexit   0x00003dd8        0xc //home/sunbeam/Balaji/ARM/Toolchain/gcc-arm-none-eabi-5_4-2016q2/arm-none-eabi/lib/armv7-m/libc.a(lib_a-atexit.o)
                0x00003dd8                atexit
 .text.quorem   0x00003de4      0x12c //home/sunbeam/Balaji/ARM/Toolchain/gcc-arm-none-eabi-5_4-2016q2/arm-none-eabi/lib/armv7-m/libc.a(lib_a-dtoa.o)
 .text._dtoa_r  0x00003f10      0xe4c //home/sunbeam/Balaji/ARM/Toolchain/gcc-arm-none-eabi-5_4-2016q2/arm-none-eabi/lib/armv7-m/libc.a(lib_a-dtoa.o)
                0x00003f10                _dtoa_r
 .text.__libc_fini_array
                0x00004d5c       0x28 //home/sunbeam/Balaji/ARM/Toolchain/gcc-arm-none-eabi-5_4-2016q2/arm-none-eabi/lib/armv7-m/libc.a(lib_a-fini.o)
                0x00004d5c                __libc_fini_array
 .text._localeconv_r
                0x00004d84        0x8 //home/sunbeam/Balaji/ARM/Toolchain/gcc-arm-none-eabi-5_4-2016q2/arm-none-eabi/lib/armv7-m/libc.a(lib_a-locale.o)
                0x00004d84                _localeconv_r
 .text._malloc_r
                0x00004d8c      0x558 //home/sunbeam/Balaji/ARM/Toolchain/gcc-arm-none-eabi-5_4-2016q2/arm-none-eabi/lib/armv7-m/libc.a(lib_a-mallocr.o)
                0x00004d8c                _malloc_r
 .text.memchr   0x000052e4       0x8c //home/sunbeam/Balaji/ARM/Toolchain/gcc-arm-none-eabi-5_4-2016q2/arm-none-eabi/lib/armv7-m/libc.a(lib_a-memchr-stub.o)
                0x000052e4                memchr
 .text          0x00005370       0xec //home/sunbeam/Balaji/ARM/Toolchain/gcc-arm-none-eabi-5_4-2016q2/arm-none-eabi/lib/armv7-m/libc.a(lib_a-memcpy.o)
                0x00005370                memcpy
 .text.__malloc_lock
                0x0000545c        0x4 //home/sunbeam/Balaji/ARM/Toolchain/gcc-arm-none-eabi-5_4-2016q2/arm-none-eabi/lib/armv7-m/libc.a(lib_a-mlock.o)
                0x0000545c                __malloc_lock
 .text.__malloc_unlock
                0x00005460        0x4 //home/sunbeam/Balaji/ARM/Toolchain/gcc-arm-none-eabi-5_4-2016q2/arm-none-eabi/lib/armv7-m/libc.a(lib_a-mlock.o)
                0x00005460                __malloc_unlock
 .text._Balloc  0x00005464       0x50 //home/sunbeam/Balaji/ARM/Toolchain/gcc-arm-none-eabi-5_4-2016q2/arm-none-eabi/lib/armv7-m/libc.a(lib_a-mprec.o)
                0x00005464                _Balloc
 .text._Bfree   0x000054b4       0x14 //home/sunbeam/Balaji/ARM/Toolchain/gcc-arm-none-eabi-5_4-2016q2/arm-none-eabi/lib/armv7-m/libc.a(lib_a-mprec.o)
                0x000054b4                _Bfree
 .text.__multadd
                0x000054c8       0x80 //home/sunbeam/Balaji/ARM/Toolchain/gcc-arm-none-eabi-5_4-2016q2/arm-none-eabi/lib/armv7-m/libc.a(lib_a-mprec.o)
                0x000054c8                __multadd
 .text.__hi0bits
                0x00005548       0x40 //home/sunbeam/Balaji/ARM/Toolchain/gcc-arm-none-eabi-5_4-2016q2/arm-none-eabi/lib/armv7-m/libc.a(lib_a-mprec.o)
                0x00005548                __hi0bits
 .text.__lo0bits
                0x00005588       0x5c //home/sunbeam/Balaji/ARM/Toolchain/gcc-arm-none-eabi-5_4-2016q2/arm-none-eabi/lib/armv7-m/libc.a(lib_a-mprec.o)
                0x00005588                __lo0bits
 .text.__i2b    0x000055e4       0x14 //home/sunbeam/Balaji/ARM/Toolchain/gcc-arm-none-eabi-5_4-2016q2/arm-none-eabi/lib/armv7-m/libc.a(lib_a-mprec.o)
                0x000055e4                __i2b
 .text.__multiply
                0x000055f8      0x13c //home/sunbeam/Balaji/ARM/Toolchain/gcc-arm-none-eabi-5_4-2016q2/arm-none-eabi/lib/armv7-m/libc.a(lib_a-mprec.o)
                0x000055f8                __multiply
 .text.__pow5mult
                0x00005734       0xa0 //home/sunbeam/Balaji/ARM/Toolchain/gcc-arm-none-eabi-5_4-2016q2/arm-none-eabi/lib/armv7-m/libc.a(lib_a-mprec.o)
                0x00005734                __pow5mult
 .text.__lshift
                0x000057d4       0xac //home/sunbeam/Balaji/ARM/Toolchain/gcc-arm-none-eabi-5_4-2016q2/arm-none-eabi/lib/armv7-m/libc.a(lib_a-mprec.o)
                0x000057d4                __lshift
 .text.__mcmp   0x00005880       0x40 //home/sunbeam/Balaji/ARM/Toolchain/gcc-arm-none-eabi-5_4-2016q2/arm-none-eabi/lib/armv7-m/libc.a(lib_a-mprec.o)
                0x00005880                __mcmp
 .text.__mdiff  0x000058c0      0x128 //home/sunbeam/Balaji/ARM/Toolchain/gcc-arm-none-eabi-5_4-2016q2/arm-none-eabi/lib/armv7-m/libc.a(lib_a-mprec.o)
                0x000058c0                __mdiff
 .text.__d2b    0x000059e8       0xa8 //home/sunbeam/Balaji/ARM/Toolchain/gcc-arm-none-eabi-5_4-2016q2/arm-none-eabi/lib/armv7-m/libc.a(lib_a-mprec.o)
                0x000059e8                __d2b
 .text._sbrk_r  0x00005a90       0x24 //home/sunbeam/Balaji/ARM/Toolchain/gcc-arm-none-eabi-5_4-2016q2/arm-none-eabi/lib/armv7-m/libc.a(lib_a-sbrkr.o)
                0x00005a90                _sbrk_r
 .text.strlen   0x00005ab4       0x5c //home/sunbeam/Balaji/ARM/Toolchain/gcc-arm-none-eabi-5_4-2016q2/arm-none-eabi/lib/armv7-m/libc.a(lib_a-strlen-stub.o)
                0x00005ab4                strlen
 .text.__ssprint_r
                0x00005b10      0x100 //home/sunbeam/Balaji/ARM/Toolchain/gcc-arm-none-eabi-5_4-2016q2/arm-none-eabi/lib/armv7-m/libc.a(lib_a-svfiprintf.o)
                0x00005b10                __ssprint_r
 .text.__register_exitproc
                0x00005c10       0xa4 //home/sunbeam/Balaji/ARM/Toolchain/gcc-arm-none-eabi-5_4-2016q2/arm-none-eabi/lib/armv7-m/libc.a(lib_a-__atexit.o)
                0x00005c10                __register_exitproc
 .text._calloc_r
                0x00005cb4       0x60 //home/sunbeam/Balaji/ARM/Toolchain/gcc-arm-none-eabi-5_4-2016q2/arm-none-eabi/lib/armv7-m/libc.a(lib_a-callocr.o)
                0x00005cb4                _calloc_r
 .text._malloc_trim_r
                0x00005d14       0x9c //home/sunbeam/Balaji/ARM/Toolchain/gcc-arm-none-eabi-5_4-2016q2/arm-none-eabi/lib/armv7-m/libc.a(lib_a-freer.o)
                0x00005d14                _malloc_trim_r
 .text._free_r  0x00005db0      0x1d0 //home/sunbeam/Balaji/ARM/Toolchain/gcc-arm-none-eabi-5_4-2016q2/arm-none-eabi/lib/armv7-m/libc.a(lib_a-freer.o)
                0x00005db0                _free_r
 .text.memmove  0x00005f80       0xc8 //home/sunbeam/Balaji/ARM/Toolchain/gcc-arm-none-eabi-5_4-2016q2/arm-none-eabi/lib/armv7-m/libc.a(lib_a-memmove.o)
                0x00005f80                memmove
 .text._realloc_r
                0x00006048      0x3d4 //home/sunbeam/Balaji/ARM/Toolchain/gcc-arm-none-eabi-5_4-2016q2/arm-none-eabi/lib/armv7-m/libc.a(lib_a-reallocr.o)
                0x00006048                _realloc_r
 .text._sbrk    0x0000641c       0x1c //home/sunbeam/Balaji/ARM/Toolchain/gcc-arm-none-eabi-5_4-2016q2/arm-none-eabi/lib/armv7-m/libnosys.a(sbrk.o)
                0x0000641c                _sbrk
 .text          0x00006438      0x370 /home/sunbeam/Balaji/ARM/Toolchain/gcc-arm-none-eabi-5_4-2016q2/bin/../lib/gcc/arm-none-eabi/5.4.1/armv7-m/libgcc.a(_arm_addsubdf3.o)
                0x00006438                __aeabi_drsub
                0x00006440                __aeabi_dsub
                0x00006440                __subdf3
                0x00006444                __adddf3
                0x00006444                __aeabi_dadd
                0x000066bc                __aeabi_ui2d
                0x000066bc                __floatunsidf
                0x000066dc                __floatsidf
                0x000066dc                __aeabi_i2d
                0x00006700                __extendsfdf2
                0x00006700                __aeabi_f2d
                0x0000673c                __aeabi_ul2d
                0x0000673c                __floatundidf
                0x0000674c                __floatdidf
                0x0000674c                __aeabi_l2d
 .text          0x000067a8      0x424 /home/sunbeam/Balaji/ARM/Toolchain/gcc-arm-none-eabi-5_4-2016q2/bin/../lib/gcc/arm-none-eabi/5.4.1/armv7-m/libgcc.a(_arm_muldivdf3.o)
                0x000067a8                __aeabi_dmul
                0x000067a8                __muldf3
                0x000069fc                __aeabi_ddiv
                0x000069fc                __divdf3
 .text          0x00006bcc      0x110 /home/sunbeam/Balaji/ARM/Toolchain/gcc-arm-none-eabi-5_4-2016q2/bin/../lib/gcc/arm-none-eabi/5.4.1/armv7-m/libgcc.a(_arm_cmpdf2.o)
                0x00006bcc                __gtdf2
                0x00006bcc                __gedf2
                0x00006bd4                __ltdf2
                0x00006bd4                __ledf2
                0x00006bdc                __cmpdf2
                0x00006bdc                __eqdf2
                0x00006bdc                __nedf2
                0x00006c58                __aeabi_cdrcmple
                0x00006c68                __aeabi_cdcmple
                0x00006c68                __aeabi_cdcmpeq
                0x00006c78                __aeabi_dcmpeq
                0x00006c8c                __aeabi_dcmplt
                0x00006ca0                __aeabi_dcmple
                0x00006cb4                __aeabi_dcmpge
                0x00006cc8                __aeabi_dcmpgt
 .text          0x00006cdc       0x2c /home/sunbeam/Balaji/ARM/Toolchain/gcc-arm-none-eabi-5_4-2016q2/bin/../lib/gcc/arm-none-eabi/5.4.1/armv7-m/libgcc.a(_arm_unorddf2.o)
                0x00006cdc                __aeabi_dcmpun
                0x00006cdc                __unorddf2
 .text          0x00006d08       0x50 /home/sunbeam/Balaji/ARM/Toolchain/gcc-arm-none-eabi-5_4-2016q2/bin/../lib/gcc/arm-none-eabi/5.4.1/armv7-m/libgcc.a(_arm_fixdfsi.o)
                0x00006d08                __fixdfsi
                0x00006d08                __aeabi_d2iz
 .text          0x00006d58       0x30 /home/sunbeam/Balaji/ARM/Toolchain/gcc-arm-none-eabi-5_4-2016q2/bin/../lib/gcc/arm-none-eabi/5.4.1/armv7-m/libgcc.a(_aeabi_uldivmod.o)
                0x00006d58                __aeabi_uldivmod
 .text          0x00006d88      0x2ec /home/sunbeam/Balaji/ARM/Toolchain/gcc-arm-none-eabi-5_4-2016q2/bin/../lib/gcc/arm-none-eabi/5.4.1/armv7-m/libgcc.a(_udivmoddi4.o)
                0x00006d88                __udivmoddi4
 .text          0x00007074        0x4 /home/sunbeam/Balaji/ARM/Toolchain/gcc-arm-none-eabi-5_4-2016q2/bin/../lib/gcc/arm-none-eabi/5.4.1/armv7-m/libgcc.a(_dvmd_tls.o)
                0x00007074                __aeabi_ldiv0
                0x00007074                __aeabi_idiv0
 *(.init)
 .init          0x00007078        0x4 /home/sunbeam/Balaji/ARM/Toolchain/gcc-arm-none-eabi-5_4-2016q2/bin/../lib/gcc/arm-none-eabi/5.4.1/armv7-m/crti.o
                0x00007078                _init
 .init          0x0000707c        0x8 /home/sunbeam/Balaji/ARM/Toolchain/gcc-arm-none-eabi-5_4-2016q2/bin/../lib/gcc/arm-none-eabi/5.4.1/armv7-m/crtn.o
 *(.fini)
 .fini          0x00007084        0x4 /home/sunbeam/Balaji/ARM/Toolchain/gcc-arm-none-eabi-5_4-2016q2/bin/../lib/gcc/arm-none-eabi/5.4.1/armv7-m/crti.o
                0x00007084                _fini
 .fini          0x00007088        0x8 /home/sunbeam/Balaji/ARM/Toolchain/gcc-arm-none-eabi-5_4-2016q2/bin/../lib/gcc/arm-none-eabi/5.4.1/armv7-m/crtn.o
 *crtbegin.o(.ctors)
 *crtbegin?.o(.ctors)
 *(EXCLUDE_FILE(*crtend.o *crtend?.o) .ctors)
 *(SORT(.ctors.*))
 *(.ctors)
 *crtbegin.o(.dtors)
 *crtbegin?.o(.dtors)
 *(EXCLUDE_FILE(*crtend.o *crtend?.o) .dtors)
 *(SORT(.dtors.*))
 *(.dtors)
 *(.rodata*)
 .rodata        0x00007090       0x19 main.o
 *fill*         0x000070a9        0x3 
 .rodata.str1.4
                0x000070ac        0x2 //home/sunbeam/Balaji/ARM/Toolchain/gcc-arm-none-eabi-5_4-2016q2/arm-none-eabi/lib/armv7-m/libc.a(lib_a-impure.o)
 *fill*         0x000070ae        0x2 
 .rodata._global_impure_ptr
                0x000070b0        0x4 //home/sunbeam/Balaji/ARM/Toolchain/gcc-arm-none-eabi-5_4-2016q2/arm-none-eabi/lib/armv7-m/libc.a(lib_a-impure.o)
                0x000070b0                _global_impure_ptr
 .rodata.blanks.7055
                0x000070b4       0x10 //home/sunbeam/Balaji/ARM/Toolchain/gcc-arm-none-eabi-5_4-2016q2/arm-none-eabi/lib/armv7-m/libc.a(lib_a-svfprintf.o)
 .rodata.str1.4
                0x000070c4       0x42 //home/sunbeam/Balaji/ARM/Toolchain/gcc-arm-none-eabi-5_4-2016q2/arm-none-eabi/lib/armv7-m/libc.a(lib_a-svfprintf.o)
 *fill*         0x00007106        0x2 
 .rodata.zeroes.7056
                0x00007108       0x10 //home/sunbeam/Balaji/ARM/Toolchain/gcc-arm-none-eabi-5_4-2016q2/arm-none-eabi/lib/armv7-m/libc.a(lib_a-svfprintf.o)
 .rodata.str1.4
                0x00007118       0x10 //home/sunbeam/Balaji/ARM/Toolchain/gcc-arm-none-eabi-5_4-2016q2/arm-none-eabi/lib/armv7-m/libc.a(lib_a-dtoa.o)
                                 0x12 (size before relaxing)
 .rodata.str1.4
                0x00007128        0xc //home/sunbeam/Balaji/ARM/Toolchain/gcc-arm-none-eabi-5_4-2016q2/arm-none-eabi/lib/armv7-m/libc.a(lib_a-locale.o)
                                 0x12 (size before relaxing)
 *fill*         0x00007134        0x4 
 .rodata.__mprec_tens
                0x00007138       0xc8 //home/sunbeam/Balaji/ARM/Toolchain/gcc-arm-none-eabi-5_4-2016q2/arm-none-eabi/lib/armv7-m/libc.a(lib_a-mprec.o)
                0x00007138                __mprec_tens
 .rodata.__mprec_bigtens
                0x00007200       0x28 //home/sunbeam/Balaji/ARM/Toolchain/gcc-arm-none-eabi-5_4-2016q2/arm-none-eabi/lib/armv7-m/libc.a(lib_a-mprec.o)
                0x00007200                __mprec_bigtens
 .rodata.p05.5396
                0x00007228        0xc //home/sunbeam/Balaji/ARM/Toolchain/gcc-arm-none-eabi-5_4-2016q2/arm-none-eabi/lib/armv7-m/libc.a(lib_a-mprec.o)
 *(.eh_frame*)
 .eh_frame      0x00007234        0x0 /home/sunbeam/Balaji/ARM/Toolchain/gcc-arm-none-eabi-5_4-2016q2/bin/../lib/gcc/arm-none-eabi/5.4.1/armv7-m/crtbegin.o
 .eh_frame      0x00007234        0x4 /home/sunbeam/Balaji/ARM/Toolchain/gcc-arm-none-eabi-5_4-2016q2/bin/../lib/gcc/arm-none-eabi/5.4.1/armv7-m/crtend.o

.glue_7         0x00007238        0x0
 .glue_7        0x00007238        0x0 linker stubs

.glue_7t        0x00007238        0x0
 .glue_7t       0x00007238        0x0 linker stubs

.vfp11_veneer   0x00007238        0x0
 .vfp11_veneer  0x00007238        0x0 linker stubs

.v4_bx          0x00007238        0x0
 .v4_bx         0x00007238        0x0 linker stubs

.iplt           0x00007238        0x0
 .iplt          0x00007238        0x0 /home/sunbeam/Balaji/ARM/Toolchain/gcc-arm-none-eabi-5_4-2016q2/bin/../lib/gcc/arm-none-eabi/5.4.1/armv7-m/crtbegin.o

.ARM.extab
 *(.ARM.extab* .gnu.linkonce.armextab.*)
                0x00007238                __exidx_start = .

.ARM.exidx      0x00007238        0x8
 *(.ARM.exidx* .gnu.linkonce.armexidx.*)
 .ARM.exidx     0x00007238        0x8 /home/sunbeam/Balaji/ARM/Toolchain/gcc-arm-none-eabi-5_4-2016q2/bin/../lib/gcc/arm-none-eabi/5.4.1/armv7-m/libgcc.a(_udivmoddi4.o)
                0x00007240                __exidx_end = .
                0x00007240                __etext = .
                0x00007240                __sidata = __etext

.rel.dyn        0x00007240        0x0
 .rel.iplt      0x00007240        0x0 /home/sunbeam/Balaji/ARM/Toolchain/gcc-arm-none-eabi-5_4-2016q2/bin/../lib/gcc/arm-none-eabi/5.4.1/armv7-m/crtbegin.o

.data           0x100000c8      0x880 load address 0x00007240
                0x100000c8                __data_start__ = .
 *(vtable)
 *(.data*)
 .data.impure_data
                0x100000c8      0x428 //home/sunbeam/Balaji/ARM/Toolchain/gcc-arm-none-eabi-5_4-2016q2/arm-none-eabi/lib/armv7-m/libc.a(lib_a-impure.o)
 .data._impure_ptr
                0x100004f0        0x4 //home/sunbeam/Balaji/ARM/Toolchain/gcc-arm-none-eabi-5_4-2016q2/arm-none-eabi/lib/armv7-m/libc.a(lib_a-impure.o)
                0x100004f0                _impure_ptr
 .data.lconv    0x100004f4       0x38 //home/sunbeam/Balaji/ARM/Toolchain/gcc-arm-none-eabi-5_4-2016q2/arm-none-eabi/lib/armv7-m/libc.a(lib_a-locale.o)
 .data.__malloc_av_
                0x1000052c      0x408 //home/sunbeam/Balaji/ARM/Toolchain/gcc-arm-none-eabi-5_4-2016q2/arm-none-eabi/lib/armv7-m/libc.a(lib_a-mallocr.o)
                0x1000052c                __malloc_av_
 .data.__malloc_trim_threshold
                0x10000934        0x4 //home/sunbeam/Balaji/ARM/Toolchain/gcc-arm-none-eabi-5_4-2016q2/arm-none-eabi/lib/armv7-m/libc.a(lib_a-mallocr.o)
                0x10000934                __malloc_trim_threshold
 .data.__malloc_sbrk_base
                0x10000938        0x4 //home/sunbeam/Balaji/ARM/Toolchain/gcc-arm-none-eabi-5_4-2016q2/arm-none-eabi/lib/armv7-m/libc.a(lib_a-mallocr.o)
                0x10000938                __malloc_sbrk_base
                0x1000093c                . = ALIGN (0x4)
                0x1000093c                PROVIDE (__preinit_array_start, .)
 *(.preinit_array)
                0x1000093c                PROVIDE (__preinit_array_end, .)
                0x1000093c                . = ALIGN (0x4)
                0x1000093c                PROVIDE (__init_array_start, .)
 *(SORT(.init_array.*))
 .init_array.00000
                0x1000093c        0x4 //home/sunbeam/Balaji/ARM/Toolchain/gcc-arm-none-eabi-5_4-2016q2/arm-none-eabi/lib/armv7-m/libc.a(lib_a-__call_atexit.o)
 *(.init_array)
 .init_array    0x10000940        0x4 /home/sunbeam/Balaji/ARM/Toolchain/gcc-arm-none-eabi-5_4-2016q2/bin/../lib/gcc/arm-none-eabi/5.4.1/armv7-m/crtbegin.o
                0x10000944                PROVIDE (__init_array_end, .)
                0x10000944                . = ALIGN (0x4)
                0x10000944                PROVIDE (__fini_array_start, .)
 *(SORT(.fini_array.*))
 *(.fini_array)
 .fini_array    0x10000944        0x4 /home/sunbeam/Balaji/ARM/Toolchain/gcc-arm-none-eabi-5_4-2016q2/bin/../lib/gcc/arm-none-eabi/5.4.1/armv7-m/crtbegin.o
                0x10000948                PROVIDE (__fini_array_end, .)
                0x10000948                . = ALIGN (0x4)
                0x10000948                __data_end__ = .

.jcr            0x10000948        0x0 load address 0x00007ac0
 .jcr           0x10000948        0x0 /home/sunbeam/Balaji/ARM/Toolchain/gcc-arm-none-eabi-5_4-2016q2/bin/../lib/gcc/arm-none-eabi/5.4.1/armv7-m/crtbegin.o

.igot.plt       0x10000948        0x0 load address 0x00007ac0
 .igot.plt      0x10000948        0x0 /home/sunbeam/Balaji/ARM/Toolchain/gcc-arm-none-eabi-5_4-2016q2/bin/../lib/gcc/arm-none-eabi/5.4.1/armv7-m/crtbegin.o

.stackarea      0x10000948      0x800 load address 0x00007ac0
 .stackarea     0x10000948      0x800 startup_LPC17xx.o
                0x10000948                pulStack

.bss            0x10001148       0x58 load address 0x000082c0
                0x10001148                __bss_start__ = .
 *(.bss*)
 .bss           0x10001148       0x1c /home/sunbeam/Balaji/ARM/Toolchain/gcc-arm-none-eabi-5_4-2016q2/bin/../lib/gcc/arm-none-eabi/5.4.1/armv7-m/crtbegin.o
 .bss.__malloc_max_total_mem
                0x10001164        0x4 //home/sunbeam/Balaji/ARM/Toolchain/gcc-arm-none-eabi-5_4-2016q2/arm-none-eabi/lib/armv7-m/libc.a(lib_a-mallocr.o)
                0x10001164                __malloc_max_total_mem
 .bss.__malloc_max_sbrked_mem
                0x10001168        0x4 //home/sunbeam/Balaji/ARM/Toolchain/gcc-arm-none-eabi-5_4-2016q2/arm-none-eabi/lib/armv7-m/libc.a(lib_a-mallocr.o)
                0x10001168                __malloc_max_sbrked_mem
 .bss.__malloc_top_pad
                0x1000116c        0x4 //home/sunbeam/Balaji/ARM/Toolchain/gcc-arm-none-eabi-5_4-2016q2/arm-none-eabi/lib/armv7-m/libc.a(lib_a-mallocr.o)
                0x1000116c                __malloc_top_pad
 .bss.__malloc_current_mallinfo
                0x10001170       0x28 //home/sunbeam/Balaji/ARM/Toolchain/gcc-arm-none-eabi-5_4-2016q2/arm-none-eabi/lib/armv7-m/libc.a(lib_a-mallocr.o)
                0x10001170                __malloc_current_mallinfo
 .bss.heap_end.4167
                0x10001198        0x4 //home/sunbeam/Balaji/ARM/Toolchain/gcc-arm-none-eabi-5_4-2016q2/arm-none-eabi/lib/armv7-m/libnosys.a(sbrk.o)
 *(COMMON)
 COMMON         0x1000119c        0x4 //home/sunbeam/Balaji/ARM/Toolchain/gcc-arm-none-eabi-5_4-2016q2/arm-none-eabi/lib/armv7-m/libc.a(lib_a-reent.o)
                0x1000119c                errno
                0x100011a0                __bss_end__ = .

.heap           0x100011a0        0x0
                0x100011a0                __end__ = .
                0x100011a0                end = __end__
 *(.heap*)
                0x100011a0                __HeapLimit = .

.stack_dummy    0x100011a0        0x0
 *(.stack)
                0x10008000                __StackTop = (ORIGIN (RAM) + LENGTH (RAM))
                0x10008000                __StackLimit = (__StackTop - SIZEOF (.stack_dummy))
                0x10008000                PROVIDE (__stack, __StackTop)
                0x00000001                ASSERT ((__StackLimit >= __HeapLimit), region RAM overflowed with stack)
OUTPUT(program.elf elf32-littlearm)

.ARM.attributes
                0x00000000       0x29
 .ARM.attributes
                0x00000000       0x1d /home/sunbeam/Balaji/ARM/Toolchain/gcc-arm-none-eabi-5_4-2016q2/bin/../lib/gcc/arm-none-eabi/5.4.1/armv7-m/crti.o
 .ARM.attributes
                0x0000001d       0x2d /home/sunbeam/Balaji/ARM/Toolchain/gcc-arm-none-eabi-5_4-2016q2/bin/../lib/gcc/arm-none-eabi/5.4.1/armv7-m/crtbegin.o
 .ARM.attributes
                0x0000004a       0x33 main.o
 .ARM.attributes
                0x0000007d       0x33 startup_LPC17xx.o
 .ARM.attributes
                0x000000b0       0x33 system_LPC17xx.o
 .ARM.attributes
                0x000000e3       0x33 lcd.o
 .ARM.attributes
                0x00000116       0x33 timer.o
 .ARM.attributes
                0x00000149       0x2d //home/sunbeam/Balaji/ARM/Toolchain/gcc-arm-none-eabi-5_4-2016q2/arm-none-eabi/lib/armv7-m/libc.a(lib_a-impure.o)
 .ARM.attributes
                0x00000176       0x2d //home/sunbeam/Balaji/ARM/Toolchain/gcc-arm-none-eabi-5_4-2016q2/arm-none-eabi/lib/armv7-m/libc.a(lib_a-memset.o)
 .ARM.attributes
                0x000001a3       0x2d //home/sunbeam/Balaji/ARM/Toolchain/gcc-arm-none-eabi-5_4-2016q2/arm-none-eabi/lib/armv7-m/libc.a(lib_a-sprintf.o)
 .ARM.attributes
                0x000001d0       0x2d //home/sunbeam/Balaji/ARM/Toolchain/gcc-arm-none-eabi-5_4-2016q2/arm-none-eabi/lib/armv7-m/libc.a(lib_a-svfprintf.o)
 .ARM.attributes
                0x000001fd       0x2d //home/sunbeam/Balaji/ARM/Toolchain/gcc-arm-none-eabi-5_4-2016q2/arm-none-eabi/lib/armv7-m/libc.a(lib_a-__call_atexit.o)
 .ARM.attributes
                0x0000022a       0x2d //home/sunbeam/Balaji/ARM/Toolchain/gcc-arm-none-eabi-5_4-2016q2/arm-none-eabi/lib/armv7-m/libc.a(lib_a-atexit.o)
 .ARM.attributes
                0x00000257       0x2d //home/sunbeam/Balaji/ARM/Toolchain/gcc-arm-none-eabi-5_4-2016q2/arm-none-eabi/lib/armv7-m/libc.a(lib_a-dtoa.o)
 .ARM.attributes
                0x00000284       0x2d //home/sunbeam/Balaji/ARM/Toolchain/gcc-arm-none-eabi-5_4-2016q2/arm-none-eabi/lib/armv7-m/libc.a(lib_a-fini.o)
 .ARM.attributes
                0x000002b1       0x2d //home/sunbeam/Balaji/ARM/Toolchain/gcc-arm-none-eabi-5_4-2016q2/arm-none-eabi/lib/armv7-m/libc.a(lib_a-locale.o)
 .ARM.attributes
                0x000002de       0x2d //home/sunbeam/Balaji/ARM/Toolchain/gcc-arm-none-eabi-5_4-2016q2/arm-none-eabi/lib/armv7-m/libc.a(lib_a-mallocr.o)
 .ARM.attributes
                0x0000030b       0x2d //home/sunbeam/Balaji/ARM/Toolchain/gcc-arm-none-eabi-5_4-2016q2/arm-none-eabi/lib/armv7-m/libc.a(lib_a-memchr-stub.o)
 .ARM.attributes
                0x00000338       0x1b //home/sunbeam/Balaji/ARM/Toolchain/gcc-arm-none-eabi-5_4-2016q2/arm-none-eabi/lib/armv7-m/libc.a(lib_a-memcpy.o)
 .ARM.attributes
                0x00000353       0x2d //home/sunbeam/Balaji/ARM/Toolchain/gcc-arm-none-eabi-5_4-2016q2/arm-none-eabi/lib/armv7-m/libc.a(lib_a-mlock.o)
 .ARM.attributes
                0x00000380       0x2d //home/sunbeam/Balaji/ARM/Toolchain/gcc-arm-none-eabi-5_4-2016q2/arm-none-eabi/lib/armv7-m/libc.a(lib_a-mprec.o)
 .ARM.attributes
                0x000003ad       0x2d //home/sunbeam/Balaji/ARM/Toolchain/gcc-arm-none-eabi-5_4-2016q2/arm-none-eabi/lib/armv7-m/libc.a(lib_a-sbrkr.o)
 .ARM.attributes
                0x000003da       0x2d //home/sunbeam/Balaji/ARM/Toolchain/gcc-arm-none-eabi-5_4-2016q2/arm-none-eabi/lib/armv7-m/libc.a(lib_a-strlen-stub.o)
 .ARM.attributes
                0x00000407       0x2d //home/sunbeam/Balaji/ARM/Toolchain/gcc-arm-none-eabi-5_4-2016q2/arm-none-eabi/lib/armv7-m/libc.a(lib_a-svfiprintf.o)
 .ARM.attributes
                0x00000434       0x2d //home/sunbeam/Balaji/ARM/Toolchain/gcc-arm-none-eabi-5_4-2016q2/arm-none-eabi/lib/armv7-m/libc.a(lib_a-__atexit.o)
 .ARM.attributes
                0x00000461       0x2d //home/sunbeam/Balaji/ARM/Toolchain/gcc-arm-none-eabi-5_4-2016q2/arm-none-eabi/lib/armv7-m/libc.a(lib_a-callocr.o)
 .ARM.attributes
                0x0000048e       0x2d //home/sunbeam/Balaji/ARM/Toolchain/gcc-arm-none-eabi-5_4-2016q2/arm-none-eabi/lib/armv7-m/libc.a(lib_a-freer.o)
 .ARM.attributes
                0x000004bb       0x2d //home/sunbeam/Balaji/ARM/Toolchain/gcc-arm-none-eabi-5_4-2016q2/arm-none-eabi/lib/armv7-m/libc.a(lib_a-memmove.o)
 .ARM.attributes
                0x000004e8       0x2d //home/sunbeam/Balaji/ARM/Toolchain/gcc-arm-none-eabi-5_4-2016q2/arm-none-eabi/lib/armv7-m/libc.a(lib_a-reallocr.o)
 .ARM.attributes
                0x00000515       0x2d //home/sunbeam/Balaji/ARM/Toolchain/gcc-arm-none-eabi-5_4-2016q2/arm-none-eabi/lib/armv7-m/libc.a(lib_a-reent.o)
 .ARM.attributes
                0x00000542       0x2d //home/sunbeam/Balaji/ARM/Toolchain/gcc-arm-none-eabi-5_4-2016q2/arm-none-eabi/lib/armv7-m/libnosys.a(sbrk.o)
 .ARM.attributes
                0x0000056f       0x1d /home/sunbeam/Balaji/ARM/Toolchain/gcc-arm-none-eabi-5_4-2016q2/bin/../lib/gcc/arm-none-eabi/5.4.1/armv7-m/libgcc.a(_arm_addsubdf3.o)
 .ARM.attributes
                0x0000058c       0x1d /home/sunbeam/Balaji/ARM/Toolchain/gcc-arm-none-eabi-5_4-2016q2/bin/../lib/gcc/arm-none-eabi/5.4.1/armv7-m/libgcc.a(_arm_muldivdf3.o)
 .ARM.attributes
                0x000005a9       0x1d /home/sunbeam/Balaji/ARM/Toolchain/gcc-arm-none-eabi-5_4-2016q2/bin/../lib/gcc/arm-none-eabi/5.4.1/armv7-m/libgcc.a(_arm_cmpdf2.o)
 .ARM.attributes
                0x000005c6       0x1d /home/sunbeam/Balaji/ARM/Toolchain/gcc-arm-none-eabi-5_4-2016q2/bin/../lib/gcc/arm-none-eabi/5.4.1/armv7-m/libgcc.a(_arm_unorddf2.o)
 .ARM.attributes
                0x000005e3       0x1d /home/sunbeam/Balaji/ARM/Toolchain/gcc-arm-none-eabi-5_4-2016q2/bin/../lib/gcc/arm-none-eabi/5.4.1/armv7-m/libgcc.a(_arm_fixdfsi.o)
 .ARM.attributes
                0x00000600       0x1d /home/sunbeam/Balaji/ARM/Toolchain/gcc-arm-none-eabi-5_4-2016q2/bin/../lib/gcc/arm-none-eabi/5.4.1/armv7-m/libgcc.a(_aeabi_uldivmod.o)
 .ARM.attributes
                0x0000061d       0x2d /home/sunbeam/Balaji/ARM/Toolchain/gcc-arm-none-eabi-5_4-2016q2/bin/../lib/gcc/arm-none-eabi/5.4.1/armv7-m/libgcc.a(_udivmoddi4.o)
 .ARM.attributes
                0x0000064a       0x1d /home/sunbeam/Balaji/ARM/Toolchain/gcc-arm-none-eabi-5_4-2016q2/bin/../lib/gcc/arm-none-eabi/5.4.1/armv7-m/libgcc.a(_dvmd_tls.o)
 .ARM.attributes
                0x00000667       0x2d /home/sunbeam/Balaji/ARM/Toolchain/gcc-arm-none-eabi-5_4-2016q2/bin/../lib/gcc/arm-none-eabi/5.4.1/armv7-m/crtend.o
 .ARM.attributes
                0x00000694       0x1d /home/sunbeam/Balaji/ARM/Toolchain/gcc-arm-none-eabi-5_4-2016q2/bin/../lib/gcc/arm-none-eabi/5.4.1/armv7-m/crtn.o

.comment        0x00000000       0x6e
 .comment       0x00000000       0x6e main.o
                                 0x6f (size before relaxing)
 .comment       0x0000006e       0x6f startup_LPC17xx.o
 .comment       0x0000006e       0x6f system_LPC17xx.o
 .comment       0x0000006e       0x6f lcd.o
 .comment       0x0000006e       0x6f timer.o

.debug_frame    0x00000000      0x8d4
 .debug_frame   0x00000000       0x34 //home/sunbeam/Balaji/ARM/Toolchain/gcc-arm-none-eabi-5_4-2016q2/arm-none-eabi/lib/armv7-m/libc.a(lib_a-memset.o)
 .debug_frame   0x00000034       0x84 //home/sunbeam/Balaji/ARM/Toolchain/gcc-arm-none-eabi-5_4-2016q2/arm-none-eabi/lib/armv7-m/libc.a(lib_a-sprintf.o)
 .debug_frame   0x000000b8       0x44 //home/sunbeam/Balaji/ARM/Toolchain/gcc-arm-none-eabi-5_4-2016q2/arm-none-eabi/lib/armv7-m/libc.a(lib_a-svfprintf.o)
 .debug_frame   0x000000fc       0x50 //home/sunbeam/Balaji/ARM/Toolchain/gcc-arm-none-eabi-5_4-2016q2/arm-none-eabi/lib/armv7-m/libc.a(lib_a-__call_atexit.o)
 .debug_frame   0x0000014c       0x20 //home/sunbeam/Balaji/ARM/Toolchain/gcc-arm-none-eabi-5_4-2016q2/arm-none-eabi/lib/armv7-m/libc.a(lib_a-atexit.o)
 .debug_frame   0x0000016c       0x84 //home/sunbeam/Balaji/ARM/Toolchain/gcc-arm-none-eabi-5_4-2016q2/arm-none-eabi/lib/armv7-m/libc.a(lib_a-dtoa.o)
 .debug_frame   0x000001f0       0x34 //home/sunbeam/Balaji/ARM/Toolchain/gcc-arm-none-eabi-5_4-2016q2/arm-none-eabi/lib/armv7-m/libc.a(lib_a-fini.o)
 .debug_frame   0x00000224       0x9c //home/sunbeam/Balaji/ARM/Toolchain/gcc-arm-none-eabi-5_4-2016q2/arm-none-eabi/lib/armv7-m/libc.a(lib_a-locale.o)
 .debug_frame   0x000002c0       0x54 //home/sunbeam/Balaji/ARM/Toolchain/gcc-arm-none-eabi-5_4-2016q2/arm-none-eabi/lib/armv7-m/libc.a(lib_a-mallocr.o)
 .debug_frame   0x00000314       0x34 //home/sunbeam/Balaji/ARM/Toolchain/gcc-arm-none-eabi-5_4-2016q2/arm-none-eabi/lib/armv7-m/libc.a(lib_a-memchr-stub.o)
 .debug_frame   0x00000348       0x30 //home/sunbeam/Balaji/ARM/Toolchain/gcc-arm-none-eabi-5_4-2016q2/arm-none-eabi/lib/armv7-m/libc.a(lib_a-mlock.o)
 .debug_frame   0x00000378      0x264 //home/sunbeam/Balaji/ARM/Toolchain/gcc-arm-none-eabi-5_4-2016q2/arm-none-eabi/lib/armv7-m/libc.a(lib_a-mprec.o)
 .debug_frame   0x000005dc       0x2c //home/sunbeam/Balaji/ARM/Toolchain/gcc-arm-none-eabi-5_4-2016q2/arm-none-eabi/lib/armv7-m/libc.a(lib_a-sbrkr.o)
 .debug_frame   0x00000608       0x20 //home/sunbeam/Balaji/ARM/Toolchain/gcc-arm-none-eabi-5_4-2016q2/arm-none-eabi/lib/armv7-m/libc.a(lib_a-strlen-stub.o)
 .debug_frame   0x00000628       0x78 //home/sunbeam/Balaji/ARM/Toolchain/gcc-arm-none-eabi-5_4-2016q2/arm-none-eabi/lib/armv7-m/libc.a(lib_a-svfiprintf.o)
 .debug_frame   0x000006a0       0x34 //home/sunbeam/Balaji/ARM/Toolchain/gcc-arm-none-eabi-5_4-2016q2/arm-none-eabi/lib/armv7-m/libc.a(lib_a-__atexit.o)
 .debug_frame   0x000006d4       0x28 //home/sunbeam/Balaji/ARM/Toolchain/gcc-arm-none-eabi-5_4-2016q2/arm-none-eabi/lib/armv7-m/libc.a(lib_a-callocr.o)
 .debug_frame   0x000006fc       0x74 //home/sunbeam/Balaji/ARM/Toolchain/gcc-arm-none-eabi-5_4-2016q2/arm-none-eabi/lib/armv7-m/libc.a(lib_a-freer.o)
 .debug_frame   0x00000770       0x30 //home/sunbeam/Balaji/ARM/Toolchain/gcc-arm-none-eabi-5_4-2016q2/arm-none-eabi/lib/armv7-m/libc.a(lib_a-memmove.o)
 .debug_frame   0x000007a0       0x58 //home/sunbeam/Balaji/ARM/Toolchain/gcc-arm-none-eabi-5_4-2016q2/arm-none-eabi/lib/armv7-m/libc.a(lib_a-reallocr.o)
 .debug_frame   0x000007f8       0x58 //home/sunbeam/Balaji/ARM/Toolchain/gcc-arm-none-eabi-5_4-2016q2/arm-none-eabi/lib/armv7-m/libc.a(lib_a-reent.o)
 .debug_frame   0x00000850       0x20 //home/sunbeam/Balaji/ARM/Toolchain/gcc-arm-none-eabi-5_4-2016q2/arm-none-eabi/lib/armv7-m/libnosys.a(sbrk.o)
 .debug_frame   0x00000870       0x2c /home/sunbeam/Balaji/ARM/Toolchain/gcc-arm-none-eabi-5_4-2016q2/bin/../lib/gcc/arm-none-eabi/5.4.1/armv7-m/libgcc.a(_aeabi_uldivmod.o)
 .debug_frame   0x0000089c       0x38 /home/sunbeam/Balaji/ARM/Toolchain/gcc-arm-none-eabi-5_4-2016q2/bin/../lib/gcc/arm-none-eabi/5.4.1/armv7-m/libgcc.a(_udivmoddi4.o)
